This is pdfTeX, Version 3.141592653-2.6-1.40.22 (TeX Live 2022/dev/Debian) (preloaded format=pdflatex 2026.8.13)  24 AUG 2026 05:53
entering extended mode
 restricted \write18 enabled.
 %&-line parsing enabled.
**paper.tex
(./paper.tex
LaTeX2e <2021-11-15> patch level 1
L3 programming layer <2022-01-21>
(/usr/share/texlive/texmf-dist/tex/latex/base/article.cls
Document Class: article 2021/10/04 v1.4n Standard LaTeX document class
(/usr/share/texlive/texmf-dist/tex/latex/base/size11.clo
File: size11.clo 2021/10/04 v1.4n Standard LaTeX file (size option)
)
\c@part=\count185
\c@section=\count186
\c@subsection=\count187
\c@subsubsection=\count188
\c@paragraph=\count189
\c@subparagraph=\count190
\c@figure=\count191
\c@table=\count192
\abovecaptionskip=\skip47
\belowcaptionskip=\skip48
\bibindent=\dimen138
)
(/usr/share/texlive/texmf-dist/tex/latex/geometry/geometry.sty
Package: geometry 2020/01/02 v5.9 Page Geometry

(/usr/share/texlive/texmf-dist/tex/latex/graphics/keyval.sty
Package: keyval 2014/10/28 v1.15 key=value parser (DPC)
\KV@toks@=\toks16
)
(/usr/share/texlive/texmf-dist/tex/generic/iftex/ifvtex.sty
Package: ifvtex 2019/10/25 v1.7 ifvtex legacy package. Use iftex instead.

(/usr/share/texlive/texmf-dist/tex/generic/iftex/iftex.sty
Package: iftex 2020/03/06 v1.0d TeX engine tests
))
\Gm@cnth=\count193
\Gm@cntv=\count194
\c@Gm@tempcnt=\count195
\Gm@bindingoffset=\dimen139
\Gm@wd@mp=\dimen140
\Gm@odd@mp=\dimen141
\Gm@even@mp=\dimen142
\Gm@layoutwidth=\dimen143
\Gm@layoutheight=\dimen144
\Gm@layouthoffset=\dimen145
\Gm@layoutvoffset=\dimen146
\Gm@dimlist=\toks17
)
(/usr/share/texlive/texmf-dist/tex/latex/amsmath/amsmath.sty
Package: amsmath 2021/10/15 v2.17l AMS math features
\@mathmargin=\skip49

For additional information on amsmath, use the `?' option.
(/usr/share/texlive/texmf-dist/tex/latex/amsmath/amstext.sty
Package: amstext 2021/08/26 v2.01 AMS text

(/usr/share/texlive/texmf-dist/tex/latex/amsmath/amsgen.sty
File: amsgen.sty 1999/11/30 v2.0 generic functions
\@emptytoks=\toks18
\ex@=\dimen147
))
(/usr/share/texlive/texmf-dist/tex/latex/amsmath/amsbsy.sty
Package: amsbsy 1999/11/29 v1.2d Bold Symbols
\pmbraise@=\dimen148
)
(/usr/share/texlive/texmf-dist/tex/latex/amsmath/amsopn.sty
Package: amsopn 2021/08/26 v2.02 operator names
)
\inf@bad=\count196
LaTeX Info: Redefining \frac on input line 234.
\uproot@=\count197
\leftroot@=\count198
LaTeX Info: Redefining \overline on input line 399.
\classnum@=\count199
\DOTSCASE@=\count266
LaTeX Info: Redefining \ldots on input line 496.
LaTeX Info: Redefining \dots on input line 499.
LaTeX Info: Redefining \cdots on input line 620.
\Mathstrutbox@=\box50
\strutbox@=\box51
\big@size=\dimen149
LaTeX Font Info:    Redeclaring font encoding OML on input line 743.
LaTeX Font Info:    Redeclaring font encoding OMS on input line 744.
\macc@depth=\count267
\c@MaxMatrixCols=\count268
\dotsspace@=\muskip16
\c@parentequation=\count269
\dspbrk@lvl=\count270
\tag@help=\toks19
\row@=\count271
\column@=\count272
\maxfields@=\count273
\andhelp@=\toks20
\eqnshift@=\dimen150
\alignsep@=\dimen151
\tagshift@=\dimen152
\tagwidth@=\dimen153
\totwidth@=\dimen154
\lineht@=\dimen155
\@envbody=\toks21
\multlinegap=\skip50
\multlinetaggap=\skip51
\mathdisplay@stack=\toks22
LaTeX Info: Redefining \[ on input line 2938.
LaTeX Info: Redefining \] on input line 2939.
)
(/usr/share/texlive/texmf-dist/tex/latex/amsfonts/amssymb.sty
Package: amssymb 2013/01/14 v3.01 AMS font symbols

(/usr/share/texlive/texmf-dist/tex/latex/amsfonts/amsfonts.sty
Package: amsfonts 2013/01/14 v3.01 Basic AMSFonts support
\symAMSa=\mathgroup4
\symAMSb=\mathgroup5
LaTeX Font Info:    Redeclaring math symbol \hbar on input line 98.
LaTeX Font Info:    Overwriting math alphabet `\mathfrak' in version `bold'
(Font)                  U/euf/m/n --> U/euf/b/n on input line 106.
))
(/usr/share/texlive/texmf-dist/tex/latex/amscls/amsthm.sty
Package: amsthm 2020/05/29 v2.20.6
\thm@style=\toks23
\thm@bodyfont=\toks24
\thm@headfont=\toks25
\thm@notefont=\toks26
\thm@headpunct=\toks27
\thm@preskip=\skip52
\thm@postskip=\skip53
\thm@headsep=\skip54
\dth@everypar=\toks28
)
(/usr/share/texlive/texmf-dist/tex/latex/booktabs/booktabs.sty
Package: booktabs 2020/01/12 v1.61803398 Publication quality tables
\heavyrulewidth=\dimen156
\lightrulewidth=\dimen157
\cmidrulewidth=\dimen158
\belowrulesep=\dimen159
\belowbottomsep=\dimen160
\aboverulesep=\dimen161
\abovetopsep=\dimen162
\cmidrulesep=\dimen163
\cmidrulekern=\dimen164
\defaultaddspace=\dimen165
\@cmidla=\count274
\@cmidlb=\count275
\@aboverulesep=\dimen166
\@belowrulesep=\dimen167
\@thisruleclass=\count276
\@lastruleclass=\count277
\@thisrulewidth=\dimen168
)
(/usr/share/texlive/texmf-dist/tex/latex/hyperref/hyperref.sty
Package: hyperref 2021-06-07 v7.00m Hypertext links for LaTeX

(/usr/share/texlive/texmf-dist/tex/generic/ltxcmds/ltxcmds.sty
Package: ltxcmds 2020-05-10 v1.25 LaTeX kernel commands for general use (HO)
)
(/usr/share/texlive/texmf-dist/tex/generic/pdftexcmds/pdftexcmds.sty
Package: pdftexcmds 2020-06-27 v0.33 Utility functions of pdfTeX for LuaTeX (HO
)

(/usr/share/texlive/texmf-dist/tex/generic/infwarerr/infwarerr.sty
Package: infwarerr 2019/12/03 v1.5 Providing info/warning/error messages (HO)
)
Package pdftexcmds Info: \pdf@primitive is available.
Package pdftexcmds Info: \pdf@ifprimitive is available.
Package pdftexcmds Info: \pdfdraftmode found.
)
(/usr/share/texlive/texmf-dist/tex/generic/kvsetkeys/kvsetkeys.sty
Package: kvsetkeys 2019/12/15 v1.18 Key value parser (HO)
)
(/usr/share/texlive/texmf-dist/tex/generic/kvdefinekeys/kvdefinekeys.sty
Package: kvdefinekeys 2019-12-19 v1.6 Define keys (HO)
)
(/usr/share/texlive/texmf-dist/tex/generic/pdfescape/pdfescape.sty
Package: pdfescape 2019/12/09 v1.15 Implements pdfTeX's escape features (HO)
)
(/usr/share/texlive/texmf-dist/tex/latex/hycolor/hycolor.sty
Package: hycolor 2020-01-27 v1.10 Color options for hyperref/bookmark (HO)
)
(/usr/share/texlive/texmf-dist/tex/latex/letltxmacro/letltxmacro.sty
Package: letltxmacro 2019/12/03 v1.6 Let assignment for LaTeX macros (HO)
)
(/usr/share/texlive/texmf-dist/tex/latex/auxhook/auxhook.sty
Package: auxhook 2019-12-17 v1.6 Hooks for auxiliary files (HO)
)
(/usr/share/texlive/texmf-dist/tex/latex/kvoptions/kvoptions.sty
Package: kvoptions 2020-10-07 v3.14 Key value format for package options (HO)
)
\@linkdim=\dimen169
\Hy@linkcounter=\count278
\Hy@pagecounter=\count279

(/usr/share/texlive/texmf-dist/tex/latex/hyperref/pd1enc.def
File: pd1enc.def 2021-06-07 v7.00m Hyperref: PDFDocEncoding definition (HO)
Now handling font encoding PD1 ...
... no UTF-8 mapping file for font encoding PD1
)
(/usr/share/texlive/texmf-dist/tex/latex/hyperref/hyperref-langpatches.def
File: hyperref-langpatches.def 2021-06-07 v7.00m Hyperref: patches for babel la
nguages
)
(/usr/share/texlive/texmf-dist/tex/generic/intcalc/intcalc.sty
Package: intcalc 2019/12/15 v1.3 Expandable calculations with integers (HO)
)
(/usr/share/texlive/texmf-dist/tex/generic/etexcmds/etexcmds.sty
Package: etexcmds 2019/12/15 v1.7 Avoid name clashes with e-TeX commands (HO)
)
\Hy@SavedSpaceFactor=\count280

(/usr/share/texlive/texmf-dist/tex/latex/hyperref/puenc.def
File: puenc.def 2021-06-07 v7.00m Hyperref: PDF Unicode definition (HO)
Now handling font encoding PU ...
... no UTF-8 mapping file for font encoding PU
)
Package hyperref Info: Option `colorlinks' set `true' on input line 4073.
Package hyperref Info: Hyper figures OFF on input line 4192.
Package hyperref Info: Link nesting OFF on input line 4197.
Package hyperref Info: Hyper index ON on input line 4200.
Package hyperref Info: Plain pages OFF on input line 4207.
Package hyperref Info: Backreferencing OFF on input line 4212.
Package hyperref Info: Implicit mode ON; LaTeX internals redefined.
Package hyperref Info: Bookmarks ON on input line 4445.
\c@Hy@tempcnt=\count281

(/usr/share/texlive/texmf-dist/tex/latex/url/url.sty
\Urlmuskip=\muskip17
Package: url 2013/09/16  ver 3.4  Verb mode for urls, etc.
)
LaTeX Info: Redefining \url on input line 4804.
\XeTeXLinkMargin=\dimen170

(/usr/share/texlive/texmf-dist/tex/generic/bitset/bitset.sty
Package: bitset 2019/12/09 v1.3 Handle bit-vector datatype (HO)

(/usr/share/texlive/texmf-dist/tex/generic/bigintcalc/bigintcalc.sty
Package: bigintcalc 2019/12/15 v1.5 Expandable calculations on big integers (HO
)
))
\Fld@menulength=\count282
\Field@Width=\dimen171
\Fld@charsize=\dimen172
Package hyperref Info: Hyper figures OFF on input line 6076.
Package hyperref Info: Link nesting OFF on input line 6081.
Package hyperref Info: Hyper index ON on input line 6084.
Package hyperref Info: backreferencing OFF on input line 6091.
Package hyperref Info: Link coloring ON on input line 6094.
Package hyperref Info: Link coloring with OCG OFF on input line 6101.
Package hyperref Info: PDF/A mode OFF on input line 6106.
LaTeX Info: Redefining \ref on input line 6146.
LaTeX Info: Redefining \pageref on input line 6150.

(/usr/share/texlive/texmf-dist/tex/latex/base/atbegshi-ltx.sty
Package: atbegshi-ltx 2021/01/10 v1.0c Emulation of the original atbegshi
package with kernel methods
)
\Hy@abspage=\count283
\c@Item=\count284
\c@Hfootnote=\count285
)
Package hyperref Info: Driver (autodetected): hpdftex.

(/usr/share/texlive/texmf-dist/tex/latex/hyperref/hpdftex.def
File: hpdftex.def 2021-06-07 v7.00m Hyperref driver for pdfTeX

(/usr/share/texlive/texmf-dist/tex/latex/base/atveryend-ltx.sty
Package: atveryend-ltx 2020/08/19 v1.0a Emulation of the original atveryend pac
kage
with kernel methods
)
\Fld@listcount=\count286
\c@bookmark@seq@number=\count287

(/usr/share/texlive/texmf-dist/tex/latex/rerunfilecheck/rerunfilecheck.sty
Package: rerunfilecheck 2019/12/05 v1.9 Rerun checks for auxiliary files (HO)

(/usr/share/texlive/texmf-dist/tex/generic/uniquecounter/uniquecounter.sty
Package: uniquecounter 2019/12/15 v1.4 Provide unlimited unique counter (HO)
)
Package uniquecounter Info: New unique counter `rerunfilecheck' on input line 2
86.
)
\Hy@SectionHShift=\skip55
)
\c@theorem=\count288

(/usr/share/texlive/texmf-dist/tex/latex/l3backend/l3backend-pdftex.def
File: l3backend-pdftex.def 2022-01-12 L3 backend support: PDF output (pdfTeX)
\l__color_backend_stack_int=\count289
\l__pdf_internal_box=\box52
)
(./paper.aux)
\openout1 = `paper.aux'.

LaTeX Font Info:    Checking defaults for OML/cmm/m/it on input line 85.
LaTeX Font Info:    ... okay on input line 85.
LaTeX Font Info:    Checking defaults for OMS/cmsy/m/n on input line 85.
LaTeX Font Info:    ... okay on input line 85.
LaTeX Font Info:    Checking defaults for OT1/cmr/m/n on input line 85.
LaTeX Font Info:    ... okay on input line 85.
LaTeX Font Info:    Checking defaults for T1/cmr/m/n on input line 85.
LaTeX Font Info:    ... okay on input line 85.
LaTeX Font Info:    Checking defaults for TS1/cmr/m/n on input line 85.
LaTeX Font Info:    ... okay on input line 85.
LaTeX Font Info:    Checking defaults for OMX/cmex/m/n on input line 85.
LaTeX Font Info:    ... okay on input line 85.
LaTeX Font Info:    Checking defaults for U/cmr/m/n on input line 85.
LaTeX Font Info:    ... okay on input line 85.
LaTeX Font Info:    Checking defaults for PD1/pdf/m/n on input line 85.
LaTeX Font Info:    ... okay on input line 85.
LaTeX Font Info:    Checking defaults for PU/pdf/m/n on input line 85.
LaTeX Font Info:    ... okay on input line 85.

*geometry* driver: auto-detecting
*geometry* detected driver: pdftex
*geometry* verbose mode - [ preamble ] result:
* driver: pdftex
* paper: <default>
* layout: <same size as paper>
* layoutoffset:(h,v)=(0.0pt,0.0pt)
* modes: 
* h-part:(L,W,R)=(79.49744pt, 455.30013pt, 79.49744pt)
* v-part:(T,H,B)=(79.49744pt, 635.97511pt, 79.49744pt)
* \paperwidth=614.295pt
* \paperheight=794.96999pt
* \textwidth=455.30013pt
* \textheight=635.97511pt
* \oddsidemargin=7.22745pt
* \evensidemargin=7.22745pt
* \topmargin=-29.77255pt
* \headheight=12.0pt
* \headsep=25.0pt
* \topskip=11.0pt
* \footskip=30.0pt
* \marginparwidth=59.0pt
* \marginparsep=10.0pt
* \columnsep=10.0pt
* \skip\footins=10.0pt plus 4.0pt minus 2.0pt
* \hoffset=0.0pt
* \voffset=0.0pt
* \mag=1000
* \@twocolumnfalse
* \@twosidefalse
* \@mparswitchfalse
* \@reversemarginfalse
* (1in=72.27pt=25.4mm, 1cm=28.453pt)

(/usr/share/texlive/texmf-dist/tex/latex/graphics/color.sty
Package: color 2021/12/07 v1.3c Standard LaTeX Color (DPC)

(/usr/share/texlive/texmf-dist/tex/latex/graphics-cfg/color.cfg
File: color.cfg 2016/01/02 v1.6 sample color configuration
)
Package color Info: Driver file: pdftex.def on input line 149.

(/usr/share/texlive/texmf-dist/tex/latex/graphics-def/pdftex.def
File: pdftex.def 2020/10/05 v1.2a Graphics/color driver for pdftex

(/usr/share/texlive/texmf-dist/tex/context/base/mkii/supp-pdf.mkii
[Loading MPS to PDF converter (version 2006.09.02).]
\scratchcounter=\count290
\scratchdimen=\dimen173
\scratchbox=\box53
\nofMPsegments=\count291
\nofMParguments=\count292
\everyMPshowfont=\toks29
\MPscratchCnt=\count293
\MPscratchDim=\dimen174
\MPnumerator=\count294
\makeMPintoPDFobject=\count295
\everyMPtoPDFconversion=\toks30
)))
Package hyperref Info: Link coloring ON on input line 85.
 (/usr/share/texlive/texmf-dist/tex/latex/hyperref/nameref.sty
Package: nameref 2021-04-02 v2.47 Cross-referencing by name of section

(/usr/share/texlive/texmf-dist/tex/latex/refcount/refcount.sty
Package: refcount 2019/12/15 v3.6 Data extraction from label references (HO)
)
(/usr/share/texlive/texmf-dist/tex/generic/gettitlestring/gettitlestring.sty
Package: gettitlestring 2019/12/15 v1.6 Cleanup title references (HO)
)
\c@section@level=\count296
)
LaTeX Info: Redefining \ref on input line 85.
LaTeX Info: Redefining \pageref on input line 85.
LaTeX Info: Redefining \nameref on input line 85.

(./paper.out) (./paper.out)
\@outlinefile=\write3
\openout3 = `paper.out'.

LaTeX Font Info:    Trying to load font information for U+msa on input line 87.


(/usr/share/texlive/texmf-dist/tex/latex/amsfonts/umsa.fd
File: umsa.fd 2013/01/14 v3.01 AMS symbols A
)
LaTeX Font Info:    Trying to load font information for U+msb on input line 87.


(/usr/share/texlive/texmf-dist/tex/latex/amsfonts/umsb.fd
File: umsb.fd 2013/01/14 v3.01 AMS symbols B
) [1

{/var/lib/texmf/fonts/map/pdftex/updmap/pdftex.map}] [2] (./paper.toc [3])
\tf@toc=\write4
\openout4 = `paper.toc'.

 [4]
Overfull \hbox (17.76244pt too wide) detected at line 208
[] [] \OMS/cmsy/m/n/10.95 ^^U [] \OT1/cmr/m/n/10.95 = 0\OML/cmm/m/it/10.95 :\OT
1/cmr/m/n/10.95 849377 [] \OML/cmm/m/it/10.95 ;  [] [] \OMS/cmsy/m/n/10.95 ^^U 
[] \OT1/cmr/m/n/10.95 = 0\OML/cmm/m/it/10.95 :\OT1/cmr/m/n/10.95 924688 [] \OML
/cmm/m/it/10.95 ;
 []

[5] [6]

Package hyperref Warning: Token not allowed in a PDF string (Unicode):
(hyperref)                removing `\@ifnextchar' on input line 378.


Package hyperref Warning: Token not allowed in a PDF string (Unicode):
(hyperref)                removing `math shift' on input line 392.


Package hyperref Warning: Token not allowed in a PDF string (Unicode):
(hyperref)                removing `\setbox' on input line 392.


Package hyperref Warning: Token not allowed in a PDF string (Unicode):
(hyperref)                removing `\z@' on input line 392.


Package hyperref Warning: Token not allowed in a PDF string (Unicode):
(hyperref)                removing `\hbox' on input line 392.


Package hyperref Warning: Token not allowed in a PDF string (Unicode):
(hyperref)                removing `\mathsurround' on input line 392.


Package hyperref Warning: Token not allowed in a PDF string (Unicode):
(hyperref)                removing `\z@' on input line 392.


Package hyperref Warning: Token not allowed in a PDF string (Unicode):
(hyperref)                removing `math shift' on input line 392.


Package hyperref Warning: Token not allowed in a PDF string (Unicode):
(hyperref)                removing `\textstyle' on input line 392.


Package hyperref Warning: Token not allowed in a PDF string (Unicode):
(hyperref)                removing `math shift' on input line 392.


Package hyperref Warning: Token not allowed in a PDF string (Unicode):
(hyperref)                removing `\mathaccent' on input line 392.


Package hyperref Warning: Token not allowed in a PDF string (Unicode):
(hyperref)                removing `math shift' on input line 392.

[7] [8] [9] [10]
LaTeX Font Info:    Trying to load font information for U+euf on input line 677
.
 (/usr/share/texlive/texmf-dist/tex/latex/amsfonts/ueuf.fd
File: ueuf.fd 2013/01/14 v3.01 Euler Fraktur
)
[11]
Overfull \hbox (28.18486pt too wide) in paragraph at lines 820--856
[]\OT1/cmr/m/n/10.95 Expand $[] []$ against
 []

[12]

Package hyperref Warning: Token not allowed in a PDF string (Unicode):
(hyperref)                removing `math shift' on input line 859.


Package hyperref Warning: Token not allowed in a PDF string (Unicode):
(hyperref)                removing `math shift' on input line 859.


Package hyperref Warning: Token not allowed in a PDF string (Unicode):
(hyperref)                removing `math shift' on input line 859.


Package hyperref Warning: Token not allowed in a PDF string (Unicode):
(hyperref)                removing `math shift' on input line 859.


Package hyperref Warning: Token not allowed in a PDF string (Unicode):
(hyperref)                removing `math shift' on input line 924.


Package hyperref Warning: Token not allowed in a PDF string (Unicode):
(hyperref)                removing `math shift' on input line 924.

[13]

Package hyperref Warning: Token not allowed in a PDF string (Unicode):
(hyperref)                removing `math shift' on input line 989.


Package hyperref Warning: Token not allowed in a PDF string (Unicode):
(hyperref)                removing `math shift' on input line 989.

[14] [15]
Overfull \hbox (23.46872pt too wide) in paragraph at lines 1157--1164
[][]\OT1/cmr/bx/n/10.95 Lemma 4.8 \OT1/cmr/m/n/10.95 (Finite-$\OML/cmm/m/it/10.
95 J$ \OT1/cmr/m/n/10.95 eval-u-a-tion and uni-form tail)\OT1/cmr/bx/n/10.95 . 
[]\OT1/cmr/m/it/10.95 For ev-ery fi-nite $\OML/cmm/m/it/10.95 J$ \OT1/cmr/m/it/
10.95 and $\OML/cmm/m/it/10.95 ^^R$\OT1/cmr/m/it/10.95 , $[][] [][]\OT1/cmr/m/n
/10.95 (\OML/cmm/m/it/10.95 j\OT1/cmr/m/n/10.95 ) [][](\OML/cmm/m/it/10.95 ^^R\
OT1/cmr/m/n/10.95 ) =
 []

[16] [17] [18] [19]
Overfull \hbox (2.47304pt too wide) in paragraph at lines 1457--1470
[][]\OT1/cmr/bx/n/10.95 Lemma 7.3 \OT1/cmr/m/n/10.95 (Mi-nor and mixed leaves)\
OT1/cmr/bx/n/10.95 . []\OT1/cmr/m/it/10.95 For $\OML/cmm/m/it/10.95 ^^M$ \OT1/c
mr/m/it/10.95 mi-nor at cut-off $\OML/cmm/m/it/10.95 P[]$ \OT1/cmr/m/it/10.95 (
de-nom-i-na-tor range $\OT1/cmr/m/n/10.95 (([] \OML/cmm/m/it/10.95 X\OT1/cmr/m/
n/10.95 )[]\OML/cmm/m/it/10.95 ; [] 
 []

[20] [21] [22] [23] [24] [25] [26] [27] [28] [29]

Package hyperref Warning: Token not allowed in a PDF string (Unicode):
(hyperref)                removing `math shift' on input line 2305.


Package hyperref Warning: Token not allowed in a PDF string (Unicode):
(hyperref)                removing `subscript' on input line 2305.


Package hyperref Warning: Token not allowed in a PDF string (Unicode):
(hyperref)                removing `\infty' on input line 2305.


Package hyperref Warning: Token not allowed in a PDF string (Unicode):
(hyperref)                removing `math shift' on input line 2305.

[30] [31] [32] [33] [34] [35] [36]
Overfull \hbox (25.87398pt too wide) in paragraph at lines 2957--2972
\OT1/cmr/m/it/10.95 all ex-act: the one-sided sub-sti-tu-tions are valid be-cau
se the co-ef-fi-cients of $\OT1/cmr/m/n/10.95 (\OML/cmm/m/it/10.95 Q[]\OT1/cmr/
m/n/10.95 )[]$ \OT1/cmr/m/it/10.95 al-ter-nate (Lemma [][]11.1[][]),
 []


Overfull \hbox (65.4168pt too wide) in paragraph at lines 2957--2972
\OT1/cmr/m/it/10.95 and the cor-ner eval-u-a-tion is a fi-nite ra-tio-nal com-p
u-ta-tion (kernel-checked in core Lean 4: \OT1/cmtt/m/it/10.95 Certificate84.le
an
 []


Overfull \hbox (15.72086pt too wide) in paragraph at lines 2957--2972
\OT1/cmr/m/it/10.95 in this pack-age's \OT1/cmtt/m/it/10.95 lean/ \OT1/cmr/m/it
/10.95 project, with the orig-i-nal cor-ner cer-tifi-cate \OT1/cmtt/m/it/10.95 
lean/RhGate/Certificate.lean
 []


Overfull \hbox (30.391pt too wide) detected at line 3000
\OML/cmm/m/it/10.95 ^^W\OT1/cmr/m/n/10.95 (\OMS/cmsy/m/n/10.95 f\OT1/cmr/m/n/10
.95 0\OMS/cmsy/m/n/10.95 g\OT1/cmr/m/n/10.95 )  \OMS/cmsy/m/n/10.95 ^^T  \OML/c
mm/m/it/10.95 ^^U[]\OT1/cmr/m/n/10.95 (0)  =  []\OML/cmm/m/it/10.95 ;  \OT1/cmr
/m/n/10.95 1 \OMS/cmsy/m/n/10.95 ^^@ \OT1/cmr/m/n/10.95 2\OML/cmm/m/it/10.95 ^^
U[]  \OT1/cmr/m/n/10.95 =  []  =  0\OML/cmm/m/it/10.95 :\OT1/cmr/m/n/10.95 8493
77 [] \OML/cmm/m/it/10.95 ;  \OT1/cmr/m/n/10.95 1 \OMS/cmsy/m/n/10.95 ^^@ \OML/
cmm/m/it/10.95 ^^U[]  \OT1/cmr/m/n/10.95 =  []\OML/cmm/m/it/10.95 :
 []

[37]
Overfull \hbox (9.14648pt too wide) in paragraph at lines 3108--3114
\OT1/cmr/m/it/10.95 where $\OML/cmm/m/it/10.95 C[]$ \OT1/cmr/m/it/10.95 is the 
$\OML/cmm/m/it/10.95 b$\OT1/cmr/m/it/10.95 -chain model clus-ter con-stant --- 
an ex-act ra-tio-nal at poly-no-mial cost (Lemma [][]10.1[][],
 []

[38] [39] [40] [41]
Overfull \hbox (13.02327pt too wide) in paragraph at lines 3439--3452
[]\OT1/cmr/m/n/10.95 A sec-ond cer-ti-fi-ca-tion pass (same date) added: the ex
-act pairing-layer in-te-grals (\OT1/cmtt/m/n/10.95 exact[]t222.py\OT1/cmr/m/n/
10.95 :
 []


Overfull \hbox (6.13217pt too wide) in paragraph at lines 3439--3452
\OT1/cmr/m/n/10.95 both band cor-ners, fi-nal in-equal-i-ties, all ex-act); the
 write-out faces (\OT1/cmtt/m/n/10.95 writeouts[]verification.py\OT1/cmr/m/n/10
.95 :
 []

[42] [43]
Overfull \hbox (0.99812pt too wide) in paragraph at lines 3652--3731
\OT1/cmr/m/n/10.95 Lean 4 (toolchain \OT1/cmtt/m/n/10.95 leanprover/lean4:v4.33
.0\OT1/cmr/m/n/10.95 , no \OT1/cmtt/m/n/10.95 mathlib\OT1/cmr/m/n/10.95 ). Two 
projects ex-ist: \OT1/cmtt/m/n/10.95 lean/RhGate/
 []


Overfull \hbox (23.30278pt too wide) in paragraph at lines 3652--3731
\OT1/cmr/m/n/10.95 tory, and \OT1/cmtt/m/n/10.95 lean/ \OT1/cmr/m/n/10.95 (the 
lake li-brary \OT1/cmtt/m/n/10.95 RhGateK14\OT1/cmr/m/n/10.95 : \OT1/cmtt/m/n/1
0.95 Certificate84\OT1/cmr/m/n/10.95 , \OT1/cmtt/m/n/10.95 CertificateK1012\OT1
/cmr/m/n/10.95 , \OT1/cmtt/m/n/10.95 CertificateK14\OT1/cmr/m/n/10.95 ),
 []

[44] [45]
Overfull \hbox (1.66772pt too wide) detected at line 3779
\OMS/cmsy/m/n/10.95 f\OT1/cmr/m/n/10.95 2[]\OMS/cmsy/m/n/10.95 g \OT1/cmr/m/n/1
0.95 = []\OML/cmm/m/it/10.95 ;  \OMS/cmsy/m/n/10.95 f\OT1/cmr/m/n/10.95 4\OML/c
mm/m/it/10.95 ; \OT1/cmr/m/n/10.95 2\OML/cmm/m/it/10.95 ; \OT1/cmr/m/n/10.95 2\
OML/cmm/m/it/10.95 ; \OT1/cmr/m/n/10.95 2\OMS/cmsy/m/n/10.95 g \OT1/cmr/m/n/10.
95 = \OMS/cmsy/m/n/10.95 ^^@[]\OML/cmm/m/it/10.95 ;  \OMS/cmsy/m/n/10.95 f\OT1/
cmr/m/n/10.95 2\OML/cmm/m/it/10.95 ; \OT1/cmr/m/n/10.95 2\OML/cmm/m/it/10.95 ; 
\OT1/cmr/m/n/10.95 5\OMS/cmsy/m/n/10.95 g \OT1/cmr/m/n/10.95 = []\OML/cmm/m/it/
10.95 ;  \OMS/cmsy/m/n/10.95 f\OT1/cmr/m/n/10.95 5\OML/cmm/m/it/10.95 ; \OT1/cm
r/m/n/10.95 4\OMS/cmsy/m/n/10.95 g \OT1/cmr/m/n/10.95 = \OMS/cmsy/m/n/10.95 ^^@
[]\OML/cmm/m/it/10.95 ;  \OMS/cmsy/m/n/10.95 f\OT1/cmr/m/n/10.95 6\OML/cmm/m/it
/10.95 ; \OT1/cmr/m/n/10.95 2\OML/cmm/m/it/10.95 ; \OT1/cmr/m/n/10.95 2\OMS/cms
y/m/n/10.95 g \OT1/cmr/m/n/10.95 = \OMS/cmsy/m/n/10.95 ^^@[]\OML/cmm/m/it/10.95
 ;
 []

[46] [47] [48] [49] [50] [51] [52]
Overfull \hbox (9.01573pt too wide) in paragraph at lines 4349--4356
[]\OT1/cmr/m/n/10.95 Truncated dec-i-mals had been writ-ten as rounded in eight
 places ($1 \OMS/cmsy/m/n/10.95 ^^@ \OT1/cmr/m/n/10.95 2\OML/cmm/m/it/10.95 ^^U
[] \OT1/cmr/m/n/10.95 = 0\OML/cmm/m/it/10.95 :\OT1/cmr/m/n/10.95 910460410551 [
]$
 []

[53]
Overfull \hbox (2.95877pt too wide) in paragraph at lines 4405--4417
\OT1/cmr/m/n/10.95 on such plat-forms. All re-paired; a stand-ing in-jec-tion s
elf-test (\OT1/cmtt/m/n/10.95 gates/selftest[]inject.py\OT1/cmr/m/n/10.95 )
 []

[54]
Overfull \hbox (28.07463pt too wide) in paragraph at lines 4457--4465
\OT1/cmr/m/n/10.95 im-ple-ments the per-coordinate CRT classes (\TS1/cmr/m/n/10
.95 §[][]\OT1/cmr/m/n/10.95 8.4[][]). Forward-recorded in \OT1/cmtt/m/n/10.95 w
riteouts[]verification.py\OT1/cmr/m/n/10.95 .
 []

[55] [56]
Overfull \hbox (11.00925pt too wide) in paragraph at lines 4635--4642
\OT1/cmr/m/n/10.95 the worst case is a cor-ner of the affine fam-ily). Ex-act r
a-tio-nal cer-tifi-cates (\OT1/cmtt/m/n/10.95 certificate[]family.py\OT1/cmr/m/
n/10.95 ,
 []

[57] [58] [59] (./paper.aux)
Package rerunfilecheck Info: File `paper.out' has not changed.
(rerunfilecheck)             Checksum: DD6138287ADB12CBF76BFB0FDDADE48A;10902.
 ) 
Here is how much of TeX's memory you used:
 10219 strings out of 480247
 154099 string characters out of 5896151
 472470 words of memory out of 5000000
 27795 multiletter control sequences out of 15000+600000
 492246 words of font info for 114 fonts, out of 8000000 for 9000
 14 hyphenation exceptions out of 8191
 60i,13n,63p,444b,461s stack positions out of 5000i,500n,10000p,200000b,80000s
 </sessions/dazzling-charming-mendel/.texlive2021/texmf-var/fonts/pk/ljfour/j
knappen/ec/tcti1095.600pk> </sessions/dazzling-charming-mendel/.texlive2021/tex
mf-var/fonts/pk/ljfour/jknappen/ec/tcrm1095.600pk> </sessions/dazzling-charming
-mendel/.texlive2021/texmf-var/fonts/pk/ljfour/jknappen/ec/tcrm0900.600pk> </se
ssions/dazzling-charming-mendel/.texlive2021/texmf-var/fonts/pk/ljfour/jknappen
/ec/tcrm0600.600pk> </sessions/dazzling-charming-mendel/.texlive2021/texmf-var/
fonts/pk/ljfour/jknappen/ec/tcrm1000.600pk> </sessions/dazzling-charming-mendel
/.texlive2021/texmf-var/fonts/pk/ljfour/jknappen/ec/tcrm0800.600pk> </sessions/
dazzling-charming-mendel/.texlive2021/texmf-var/fonts/pk/ljfour/jknappen/ec/tcr
m1200.600pk></usr/share/texlive/texmf-dist/fonts/type1/public/amsfonts/cm/cmbx1
0.pfb></usr/share/texlive/texmf-dist/fonts/type1/public/amsfonts/cm/cmbx12.pfb>
</usr/share/texlive/texmf-dist/fonts/type1/public/amsfonts/cm/cmbx9.pfb></usr/s
hare/texlive/texmf-dist/fonts/type1/public/amsfonts/cm/cmex10.pfb></usr/share/t
exlive/texmf-dist/fonts/type1/public/amsfonts/cmextra/cmex8.pfb></usr/share/tex
live/texmf-dist/fonts/type1/public/amsfonts/cm/cmitt10.pfb></usr/share/texlive/
texmf-dist/fonts/type1/public/amsfonts/cm/cmmi10.pfb></usr/share/texlive/texmf-
dist/fonts/type1/public/amsfonts/cm/cmmi12.pfb></usr/share/texlive/texmf-dist/f
onts/type1/public/amsfonts/cm/cmmi6.pfb></usr/share/texlive/texmf-dist/fonts/ty
pe1/public/amsfonts/cm/cmmi7.pfb></usr/share/texlive/texmf-dist/fonts/type1/pub
lic/amsfonts/cm/cmmi8.pfb></usr/share/texlive/texmf-dist/fonts/type1/public/ams
fonts/cm/cmmi9.pfb></usr/share/texlive/texmf-dist/fonts/type1/public/amsfonts/c
m/cmr10.pfb></usr/share/texlive/texmf-dist/fonts/type1/public/amsfonts/cm/cmr12
.pfb></usr/share/texlive/texmf-dist/fonts/type1/public/amsfonts/cm/cmr6.pfb></u
sr/share/texlive/texmf-dist/fonts/type1/public/amsfonts/cm/cmr7.pfb></usr/share
/texlive/texmf-dist/fonts/type1/public/amsfonts/cm/cmr8.pfb></usr/share/texlive
/texmf-dist/fonts/type1/public/amsfonts/cm/cmr9.pfb></usr/share/texlive/texmf-d
ist/fonts/type1/public/amsfonts/cm/cmss8.pfb></usr/share/texlive/texmf-dist/fon
ts/type1/public/amsfonts/cm/cmsy10.pfb></usr/share/texlive/texmf-dist/fonts/typ
e1/public/amsfonts/cm/cmsy6.pfb></usr/share/texlive/texmf-dist/fonts/type1/publ
ic/amsfonts/cm/cmsy7.pfb></usr/share/texlive/texmf-dist/fonts/type1/public/amsf
onts/cm/cmsy8.pfb></usr/share/texlive/texmf-dist/fonts/type1/public/amsfonts/cm
/cmsy9.pfb></usr/share/texlive/texmf-dist/fonts/type1/public/amsfonts/cm/cmti10
.pfb></usr/share/texlive/texmf-dist/fonts/type1/public/amsfonts/cm/cmti9.pfb></
usr/share/texlive/texmf-dist/fonts/type1/public/amsfonts/cm/cmtt10.pfb></usr/sh
are/texlive/texmf-dist/fonts/type1/public/amsfonts/cm/cmtt9.pfb></usr/share/tex
live/texmf-dist/fonts/type1/public/amsfonts/euler/eufm10.pfb></usr/share/texliv
e/texmf-dist/fonts/type1/public/amsfonts/symbols/msam10.pfb></usr/share/texlive
/texmf-dist/fonts/type1/public/amsfonts/symbols/msbm10.pfb>
Output written on paper.pdf (59 pages, 729647 bytes).
PDF statistics:
 1447 PDF objects out of 1728 (max. 8388607)
 1297 compressed objects within 13 object streams
 226 named destinations out of 1000 (max. 500000)
 361 words of extra memory for PDF output out of 10000 (max. 10000000)

