This is XeTeX, Version 3.141592653-2.6-0.999993 (TeX Live 2022/dev/Debian) (preloaded format=xelatex 2026.8.13)  24 AUG 2026 06:05
entering extended mode
 restricted \write18 enabled.
 %&-line parsing enabled.
**paper-zh.tex
(./paper-zh.tex
LaTeX2e <2021-11-15> patch level 1
L3 programming layer <2022-01-21>
(/usr/share/texlive/texmf-dist/tex/latex/base/article.cls
Document Class: article 2021/10/04 v1.4n Standard LaTeX document class
(/usr/share/texlive/texmf-dist/tex/latex/base/size11.clo
File: size11.clo 2021/10/04 v1.4n Standard LaTeX file (size option)
)
\c@part=\count181
\c@section=\count182
\c@subsection=\count183
\c@subsubsection=\count184
\c@paragraph=\count185
\c@subparagraph=\count186
\c@figure=\count187
\c@table=\count188
\abovecaptionskip=\skip47
\belowcaptionskip=\skip48
\bibindent=\dimen138
)
(/usr/share/texlive/texmf-dist/tex/latex/geometry/geometry.sty
Package: geometry 2020/01/02 v5.9 Page Geometry

(/usr/share/texlive/texmf-dist/tex/latex/graphics/keyval.sty
Package: keyval 2014/10/28 v1.15 key=value parser (DPC)
\KV@toks@=\toks16
)
(/usr/share/texlive/texmf-dist/tex/generic/iftex/ifvtex.sty
Package: ifvtex 2019/10/25 v1.7 ifvtex legacy package. Use iftex instead.

(/usr/share/texlive/texmf-dist/tex/generic/iftex/iftex.sty
Package: iftex 2020/03/06 v1.0d TeX engine tests
))
\Gm@cnth=\count189
\Gm@cntv=\count190
\c@Gm@tempcnt=\count191
\Gm@bindingoffset=\dimen139
\Gm@wd@mp=\dimen140
\Gm@odd@mp=\dimen141
\Gm@even@mp=\dimen142
\Gm@layoutwidth=\dimen143
\Gm@layoutheight=\dimen144
\Gm@layouthoffset=\dimen145
\Gm@layoutvoffset=\dimen146
\Gm@dimlist=\toks17
)
(/usr/share/texlive/texmf-dist/tex/latex/amsmath/amsmath.sty
Package: amsmath 2021/10/15 v2.17l AMS math features
\@mathmargin=\skip49

For additional information on amsmath, use the `?' option.
(/usr/share/texlive/texmf-dist/tex/latex/amsmath/amstext.sty
Package: amstext 2021/08/26 v2.01 AMS text

(/usr/share/texlive/texmf-dist/tex/latex/amsmath/amsgen.sty
File: amsgen.sty 1999/11/30 v2.0 generic functions
\@emptytoks=\toks18
\ex@=\dimen147
))
(/usr/share/texlive/texmf-dist/tex/latex/amsmath/amsbsy.sty
Package: amsbsy 1999/11/29 v1.2d Bold Symbols
\pmbraise@=\dimen148
)
(/usr/share/texlive/texmf-dist/tex/latex/amsmath/amsopn.sty
Package: amsopn 2021/08/26 v2.02 operator names
)
\inf@bad=\count192
LaTeX Info: Redefining \frac on input line 234.
\uproot@=\count193
\leftroot@=\count194
LaTeX Info: Redefining \overline on input line 399.
\classnum@=\count195
\DOTSCASE@=\count196
LaTeX Info: Redefining \ldots on input line 496.
LaTeX Info: Redefining \dots on input line 499.
LaTeX Info: Redefining \cdots on input line 620.
\Mathstrutbox@=\box50
\strutbox@=\box51
\big@size=\dimen149
LaTeX Font Info:    Redeclaring font encoding OML on input line 743.
LaTeX Font Info:    Redeclaring font encoding OMS on input line 744.
\macc@depth=\count197
\c@MaxMatrixCols=\count198
\dotsspace@=\muskip16
\c@parentequation=\count199
\dspbrk@lvl=\count266
\tag@help=\toks19
\row@=\count267
\column@=\count268
\maxfields@=\count269
\andhelp@=\toks20
\eqnshift@=\dimen150
\alignsep@=\dimen151
\tagshift@=\dimen152
\tagwidth@=\dimen153
\totwidth@=\dimen154
\lineht@=\dimen155
\@envbody=\toks21
\multlinegap=\skip50
\multlinetaggap=\skip51
\mathdisplay@stack=\toks22
LaTeX Info: Redefining \[ on input line 2938.
LaTeX Info: Redefining \] on input line 2939.
)
(/usr/share/texlive/texmf-dist/tex/latex/amsfonts/amssymb.sty
Package: amssymb 2013/01/14 v3.01 AMS font symbols

(/usr/share/texlive/texmf-dist/tex/latex/amsfonts/amsfonts.sty
Package: amsfonts 2013/01/14 v3.01 Basic AMSFonts support
\symAMSa=\mathgroup4
\symAMSb=\mathgroup5
LaTeX Font Info:    Redeclaring math symbol \hbar on input line 98.
LaTeX Font Info:    Overwriting math alphabet `\mathfrak' in version `bold'
(Font)                  U/euf/m/n --> U/euf/b/n on input line 106.
))
(/usr/share/texlive/texmf-dist/tex/latex/amscls/amsthm.sty
Package: amsthm 2020/05/29 v2.20.6
\thm@style=\toks23
\thm@bodyfont=\toks24
\thm@headfont=\toks25
\thm@notefont=\toks26
\thm@headpunct=\toks27
\thm@preskip=\skip52
\thm@postskip=\skip53
\thm@headsep=\skip54
\dth@everypar=\toks28
)
(/usr/share/texlive/texmf-dist/tex/latex/mathtools/mathtools.sty
Package: mathtools 2021/02/02 v1.28 mathematical typesetting tools

(/usr/share/texlive/texmf-dist/tex/latex/tools/calc.sty
Package: calc 2017/05/25 v4.3 Infix arithmetic (KKT,FJ)
\calc@Acount=\count270
\calc@Bcount=\count271
\calc@Adimen=\dimen156
\calc@Bdimen=\dimen157
\calc@Askip=\skip55
\calc@Bskip=\skip56
LaTeX Info: Redefining \setlength on input line 80.
LaTeX Info: Redefining \addtolength on input line 81.
\calc@Ccount=\count272
\calc@Cskip=\skip57
)
(/usr/share/texlive/texmf-dist/tex/latex/mathtools/mhsetup.sty
Package: mhsetup 2021/03/18 v1.4 programming setup (MH)
)
\g_MT_multlinerow_int=\count273
\l_MT_multwidth_dim=\dimen158
\origjot=\skip58
\l_MT_shortvdotswithinadjustabove_dim=\dimen159
\l_MT_shortvdotswithinadjustbelow_dim=\dimen160
\l_MT_above_intertext_sep=\dimen161
\l_MT_below_intertext_sep=\dimen162
\l_MT_above_shortintertext_sep=\dimen163
\l_MT_below_shortintertext_sep=\dimen164
\xmathstrut@box=\box52
\xmathstrut@dim=\dimen165
)
(/usr/share/texlive/texmf-dist/tex/latex/booktabs/booktabs.sty
Package: booktabs 2020/01/12 v1.61803398 Publication quality tables
\heavyrulewidth=\dimen166
\lightrulewidth=\dimen167
\cmidrulewidth=\dimen168
\belowrulesep=\dimen169
\belowbottomsep=\dimen170
\aboverulesep=\dimen171
\abovetopsep=\dimen172
\cmidrulesep=\dimen173
\cmidrulekern=\dimen174
\defaultaddspace=\dimen175
\@cmidla=\count274
\@cmidlb=\count275
\@aboverulesep=\dimen176
\@belowrulesep=\dimen177
\@thisruleclass=\count276
\@lastruleclass=\count277
\@thisrulewidth=\dimen178
)
(/usr/share/texlive/texmf-dist/tex/latex/fontspec/fontspec.sty
(/usr/share/texlive/texmf-dist/tex/latex/l3packages/xparse/xparse.sty
(/usr/share/texlive/texmf-dist/tex/latex/l3kernel/expl3.sty
Package: expl3 2022-01-21 L3 programming layer (loader) 

(/usr/share/texlive/texmf-dist/tex/latex/l3backend/l3backend-xetex.def
File: l3backend-xetex.def 2022-01-12 L3 backend support: XeTeX

(|extractbb --version)
\c__kernel_sys_dvipdfmx_version_int=\count278
\l__color_backend_stack_int=\count279
\g__color_backend_stack_int=\count280
\g__graphics_track_int=\count281
\l__pdf_internal_box=\box53
\g__pdf_backend_object_int=\count282
\g__pdf_backend_annotation_int=\count283
\g__pdf_backend_link_int=\count284
))
Package: xparse 2022-01-12 L3 Experimental document command parser
)
Package: fontspec 2022/01/15 v2.8a Font selection for XeLaTeX and LuaLaTeX

(/usr/share/texlive/texmf-dist/tex/latex/fontspec/fontspec-xetex.sty
Package: fontspec-xetex 2022/01/15 v2.8a Font selection for XeLaTeX and LuaLaTe
X
\l__fontspec_script_int=\count285
\l__fontspec_language_int=\count286
\l__fontspec_strnum_int=\count287
\l__fontspec_tmp_int=\count288
\l__fontspec_tmpa_int=\count289
\l__fontspec_tmpb_int=\count290
\l__fontspec_tmpc_int=\count291
\l__fontspec_em_int=\count292
\l__fontspec_emdef_int=\count293
\l__fontspec_strong_int=\count294
\l__fontspec_strongdef_int=\count295
\l__fontspec_tmpa_dim=\dimen179
\l__fontspec_tmpb_dim=\dimen180
\l__fontspec_tmpc_dim=\dimen181

(/usr/share/texlive/texmf-dist/tex/latex/base/fontenc.sty
Package: fontenc 2021/04/29 v2.0v Standard LaTeX package
)
(/usr/share/texlive/texmf-dist/tex/latex/fontspec/fontspec.cfg)))

Package fontspec Info: Could not resolve font "Noto Sans CJK SC/I" (it
(fontspec)             probably doesn't exist).


Package fontspec Info: Font family 'NotoSansCJKSC(0)' created for font 'Noto
(fontspec)             Sans CJK SC' with options [Ligatures=TeX].
(fontspec)              
(fontspec)              This font family consists of the following NFSS
(fontspec)             series/shapes:
(fontspec)              
(fontspec)             - 'normal' (m/n) with NFSS spec.: <->"Noto Sans CJK
(fontspec)             SC/OT:script=latn;language=dflt;mapping=tex-text;"
(fontspec)             - 'small caps'  (m/sc) with NFSS spec.: 
(fontspec)             - 'bold' (b/n) with NFSS spec.: <->"Noto Sans CJK
(fontspec)             SC/B/OT:script=latn;language=dflt;mapping=tex-text;"
(fontspec)             - 'bold small caps'  (b/sc) with NFSS spec.: 
(fontspec)             - 'bold italic' (b/it) with NFSS spec.: <->"Noto Sans
(fontspec)             CJK
(fontspec)             SC/BI/OT:script=latn;language=dflt;mapping=tex-text;"
(fontspec)             - 'bold italic small caps'  (b/scit) with NFSS spec.: 


(/usr/share/texlive/texmf-dist/tex/latex/xcolor/xcolor.sty
Package: xcolor 2021/10/31 v2.13 LaTeX color extensions (UK)

(/usr/share/texlive/texmf-dist/tex/latex/graphics-cfg/color.cfg
File: color.cfg 2016/01/02 v1.6 sample color configuration
)
Package xcolor Info: Driver file: xetex.def on input line 227.

(/usr/share/texlive/texmf-dist/tex/latex/graphics-def/xetex.def
File: xetex.def 2021/03/18 v5.0k Graphics/color driver for xetex
)
Package xcolor Info: Model `cmy' substituted by `cmy0' on input line 1352.
Package xcolor Info: Model `RGB' extended on input line 1368.
Package xcolor Info: Model `HTML' substituted by `rgb' on input line 1370.
Package xcolor Info: Model `Hsb' substituted by `hsb' on input line 1371.
Package xcolor Info: Model `tHsb' substituted by `hsb' on input line 1372.
Package xcolor Info: Model `HSB' substituted by `hsb' on input line 1373.
Package xcolor Info: Model `Gray' substituted by `gray' on input line 1374.
Package xcolor Info: Model `wave' substituted by `hsb' on input line 1375.
)
(/usr/share/texlive/texmf-dist/tex/latex/hyperref/hyperref.sty
Package: hyperref 2021-06-07 v7.00m Hypertext links for LaTeX

(/usr/share/texlive/texmf-dist/tex/generic/ltxcmds/ltxcmds.sty
Package: ltxcmds 2020-05-10 v1.25 LaTeX kernel commands for general use (HO)
)
(/usr/share/texlive/texmf-dist/tex/generic/pdftexcmds/pdftexcmds.sty
Package: pdftexcmds 2020-06-27 v0.33 Utility functions of pdfTeX for LuaTeX (HO
)

(/usr/share/texlive/texmf-dist/tex/generic/infwarerr/infwarerr.sty
Package: infwarerr 2019/12/03 v1.5 Providing info/warning/error messages (HO)
)
Package pdftexcmds Info: \pdf@primitive is available.
Package pdftexcmds Info: \pdf@ifprimitive is available.
Package pdftexcmds Info: \pdfdraftmode not found.
)
(/usr/share/texlive/texmf-dist/tex/generic/kvsetkeys/kvsetkeys.sty
Package: kvsetkeys 2019/12/15 v1.18 Key value parser (HO)
)
(/usr/share/texlive/texmf-dist/tex/generic/kvdefinekeys/kvdefinekeys.sty
Package: kvdefinekeys 2019-12-19 v1.6 Define keys (HO)
)
(/usr/share/texlive/texmf-dist/tex/generic/pdfescape/pdfescape.sty
Package: pdfescape 2019/12/09 v1.15 Implements pdfTeX's escape features (HO)
)
(/usr/share/texlive/texmf-dist/tex/latex/hycolor/hycolor.sty
Package: hycolor 2020-01-27 v1.10 Color options for hyperref/bookmark (HO)
)
(/usr/share/texlive/texmf-dist/tex/latex/letltxmacro/letltxmacro.sty
Package: letltxmacro 2019/12/03 v1.6 Let assignment for LaTeX macros (HO)
)
(/usr/share/texlive/texmf-dist/tex/latex/auxhook/auxhook.sty
Package: auxhook 2019-12-17 v1.6 Hooks for auxiliary files (HO)
)
(/usr/share/texlive/texmf-dist/tex/latex/kvoptions/kvoptions.sty
Package: kvoptions 2020-10-07 v3.14 Key value format for package options (HO)
)
\@linkdim=\dimen182
\Hy@linkcounter=\count296
\Hy@pagecounter=\count297

(/usr/share/texlive/texmf-dist/tex/latex/hyperref/pd1enc.def
File: pd1enc.def 2021-06-07 v7.00m Hyperref: PDFDocEncoding definition (HO)
)
(/usr/share/texlive/texmf-dist/tex/latex/hyperref/hyperref-langpatches.def
File: hyperref-langpatches.def 2021-06-07 v7.00m Hyperref: patches for babel la
nguages
)
(/usr/share/texlive/texmf-dist/tex/generic/intcalc/intcalc.sty
Package: intcalc 2019/12/15 v1.3 Expandable calculations with integers (HO)
)
(/usr/share/texlive/texmf-dist/tex/generic/etexcmds/etexcmds.sty
Package: etexcmds 2019/12/15 v1.7 Avoid name clashes with e-TeX commands (HO)
)
\Hy@SavedSpaceFactor=\count298

(/usr/share/texlive/texmf-dist/tex/latex/hyperref/puenc.def
File: puenc.def 2021-06-07 v7.00m Hyperref: PDF Unicode definition (HO)
)
Package hyperref Info: Option `colorlinks' set `true' on input line 4073.
Package hyperref Info: Hyper figures OFF on input line 4192.
Package hyperref Info: Link nesting OFF on input line 4197.
Package hyperref Info: Hyper index ON on input line 4200.
Package hyperref Info: Plain pages OFF on input line 4207.
Package hyperref Info: Backreferencing OFF on input line 4212.
Package hyperref Info: Implicit mode ON; LaTeX internals redefined.
Package hyperref Info: Bookmarks ON on input line 4445.
\c@Hy@tempcnt=\count299

(/usr/share/texlive/texmf-dist/tex/latex/url/url.sty
\Urlmuskip=\muskip17
Package: url 2013/09/16  ver 3.4  Verb mode for urls, etc.
)
LaTeX Info: Redefining \url on input line 4804.
\XeTeXLinkMargin=\dimen183

(/usr/share/texlive/texmf-dist/tex/generic/bitset/bitset.sty
Package: bitset 2019/12/09 v1.3 Handle bit-vector datatype (HO)

(/usr/share/texlive/texmf-dist/tex/generic/bigintcalc/bigintcalc.sty
Package: bigintcalc 2019/12/15 v1.5 Expandable calculations on big integers (HO
)
))
\Fld@menulength=\count300
\Field@Width=\dimen184
\Fld@charsize=\dimen185
Package hyperref Info: Hyper figures OFF on input line 6076.
Package hyperref Info: Link nesting OFF on input line 6081.
Package hyperref Info: Hyper index ON on input line 6084.
Package hyperref Info: backreferencing OFF on input line 6091.
Package hyperref Info: Link coloring ON on input line 6094.
Package hyperref Info: Link coloring with OCG OFF on input line 6101.
Package hyperref Info: PDF/A mode OFF on input line 6106.
LaTeX Info: Redefining \ref on input line 6146.
LaTeX Info: Redefining \pageref on input line 6150.

(/usr/share/texlive/texmf-dist/tex/latex/base/atbegshi-ltx.sty
Package: atbegshi-ltx 2021/01/10 v1.0c Emulation of the original atbegshi
package with kernel methods
)
\Hy@abspage=\count301
\c@Item=\count302
\c@Hfootnote=\count303
)
Package hyperref Info: Driver (autodetected): hxetex.

(/usr/share/texlive/texmf-dist/tex/latex/hyperref/hxetex.def
File: hxetex.def 2021-06-07 v7.00m Hyperref driver for XeTeX

(/usr/share/texlive/texmf-dist/tex/generic/stringenc/stringenc.sty
Package: stringenc 2019/11/29 v1.12 Convert strings between diff. encodings (HO
)
)
\pdfm@box=\box54
\c@Hy@AnnotLevel=\count304
\HyField@AnnotCount=\count305
\Fld@listcount=\count306
\c@bookmark@seq@number=\count307

(/usr/share/texlive/texmf-dist/tex/latex/rerunfilecheck/rerunfilecheck.sty
Package: rerunfilecheck 2019/12/05 v1.9 Rerun checks for auxiliary files (HO)

(/usr/share/texlive/texmf-dist/tex/latex/base/atveryend-ltx.sty
Package: atveryend-ltx 2020/08/19 v1.0a Emulation of the original atveryend pac
kage
with kernel methods
)
(/usr/share/texlive/texmf-dist/tex/generic/uniquecounter/uniquecounter.sty
Package: uniquecounter 2019/12/15 v1.4 Provide unlimited unique counter (HO)
)
Package uniquecounter Info: New unique counter `rerunfilecheck' on input line 2
86.
)
\Hy@SectionHShift=\skip59
)
\c@theorem=\count308

(./paper-zh.aux)
\openout1 = `paper-zh.aux'.

LaTeX Font Info:    Checking defaults for OML/cmm/m/it on input line 47.
LaTeX Font Info:    ... okay on input line 47.
LaTeX Font Info:    Checking defaults for OMS/cmsy/m/n on input line 47.
LaTeX Font Info:    ... okay on input line 47.
LaTeX Font Info:    Checking defaults for OT1/cmr/m/n on input line 47.
LaTeX Font Info:    ... okay on input line 47.
LaTeX Font Info:    Checking defaults for T1/cmr/m/n on input line 47.
LaTeX Font Info:    ... okay on input line 47.
LaTeX Font Info:    Checking defaults for TS1/cmr/m/n on input line 47.
LaTeX Font Info:    Trying to load font information for TS1+cmr on input line 4
7.
 (/usr/share/texlive/texmf-dist/tex/latex/base/ts1cmr.fd
File: ts1cmr.fd 2019/12/16 v2.5j Standard LaTeX font definitions
)
LaTeX Font Info:    ... okay on input line 47.
LaTeX Font Info:    Checking defaults for TU/lmr/m/n on input line 47.
LaTeX Font Info:    ... okay on input line 47.
LaTeX Font Info:    Checking defaults for OMX/cmex/m/n on input line 47.
LaTeX Font Info:    ... okay on input line 47.
LaTeX Font Info:    Checking defaults for U/cmr/m/n on input line 47.
LaTeX Font Info:    ... okay on input line 47.
LaTeX Font Info:    Checking defaults for PD1/pdf/m/n on input line 47.
LaTeX Font Info:    ... okay on input line 47.
LaTeX Font Info:    Checking defaults for PU/pdf/m/n on input line 47.
LaTeX Font Info:    ... okay on input line 47.

*geometry* driver: auto-detecting
*geometry* detected driver: xetex
*geometry* verbose mode - [ preamble ] result:
* driver: xetex
* paper: <default>
* layout: <same size as paper>
* layoutoffset:(h,v)=(0.0pt,0.0pt)
* modes: 
* h-part:(L,W,R)=(79.49744pt, 455.30013pt, 79.49744pt)
* v-part:(T,H,B)=(79.49744pt, 635.97511pt, 79.49744pt)
* \paperwidth=614.295pt
* \paperheight=794.96999pt
* \textwidth=455.30013pt
* \textheight=635.97511pt
* \oddsidemargin=7.22745pt
* \evensidemargin=7.22745pt
* \topmargin=-29.77255pt
* \headheight=12.0pt
* \headsep=25.0pt
* \topskip=11.0pt
* \footskip=30.0pt
* \marginparwidth=59.0pt
* \marginparsep=10.0pt
* \columnsep=10.0pt
* \skip\footins=10.0pt plus 4.0pt minus 2.0pt
* \hoffset=0.0pt
* \voffset=0.0pt
* \mag=1000
* \@twocolumnfalse
* \@twosidefalse
* \@mparswitchfalse
* \@reversemarginfalse
* (1in=72.27pt=25.4mm, 1cm=28.453pt)

(/usr/share/texlive/texmf-dist/tex/latex/graphics/graphicx.sty
Package: graphicx 2021/09/16 v1.2d Enhanced LaTeX Graphics (DPC,SPQR)

(/usr/share/texlive/texmf-dist/tex/latex/graphics/graphics.sty
Package: graphics 2021/03/04 v1.4d Standard LaTeX Graphics (DPC,SPQR)

(/usr/share/texlive/texmf-dist/tex/latex/graphics/trig.sty
Package: trig 2021/08/11 v1.11 sin cos tan (DPC)
)
(/usr/share/texlive/texmf-dist/tex/latex/graphics-cfg/graphics.cfg
File: graphics.cfg 2016/06/04 v1.11 sample graphics configuration
)
Package graphics Info: Driver file: xetex.def on input line 107.
)
\Gin@req@height=\dimen186
\Gin@req@width=\dimen187
)

Package fontspec Info: Adjusting the maths setup (use [no-math] to avoid
(fontspec)             this).

\symlegacymaths=\mathgroup6
LaTeX Font Info:    Overwriting symbol font `legacymaths' in version `bold'
(Font)                  OT1/cmr/m/n --> OT1/cmr/bx/n on input line 47.
LaTeX Font Info:    Redeclaring math accent \acute on input line 47.
LaTeX Font Info:    Redeclaring math accent \grave on input line 47.
LaTeX Font Info:    Redeclaring math accent \ddot on input line 47.
LaTeX Font Info:    Redeclaring math accent \tilde on input line 47.
LaTeX Font Info:    Redeclaring math accent \bar on input line 47.
LaTeX Font Info:    Redeclaring math accent \breve on input line 47.
LaTeX Font Info:    Redeclaring math accent \check on input line 47.
LaTeX Font Info:    Redeclaring math accent \hat on input line 47.
LaTeX Font Info:    Redeclaring math accent \dot on input line 47.
LaTeX Font Info:    Redeclaring math accent \mathring on input line 47.
LaTeX Font Info:    Redeclaring math symbol \Gamma on input line 47.
LaTeX Font Info:    Redeclaring math symbol \Delta on input line 47.
LaTeX Font Info:    Redeclaring math symbol \Theta on input line 47.
LaTeX Font Info:    Redeclaring math symbol \Lambda on input line 47.
LaTeX Font Info:    Redeclaring math symbol \Xi on input line 47.
LaTeX Font Info:    Redeclaring math symbol \Pi on input line 47.
LaTeX Font Info:    Redeclaring math symbol \Sigma on input line 47.
LaTeX Font Info:    Redeclaring math symbol \Upsilon on input line 47.
LaTeX Font Info:    Redeclaring math symbol \Phi on input line 47.
LaTeX Font Info:    Redeclaring math symbol \Psi on input line 47.
LaTeX Font Info:    Redeclaring math symbol \Omega on input line 47.
LaTeX Font Info:    Redeclaring math symbol \mathdollar on input line 47.
LaTeX Font Info:    Redeclaring symbol font `operators' on input line 47.
LaTeX Font Info:    Encoding `OT1' has changed to `TU' for symbol font
(Font)              `operators' in the math version `normal' on input line 47.
LaTeX Font Info:    Overwriting symbol font `operators' in version `normal'
(Font)                  OT1/cmr/m/n --> TU/NotoSansCJKSC(0)/m/n on input line 4
7.
LaTeX Font Info:    Encoding `OT1' has changed to `TU' for symbol font
(Font)              `operators' in the math version `bold' on input line 47.
LaTeX Font Info:    Overwriting symbol font `operators' in version `bold'
(Font)                  OT1/cmr/bx/n --> TU/NotoSansCJKSC(0)/m/n on input line 
47.
LaTeX Font Info:    Overwriting symbol font `operators' in version `normal'
(Font)                  TU/NotoSansCJKSC(0)/m/n --> TU/NotoSansCJKSC(0)/m/n on 
input line 47.
LaTeX Font Info:    Overwriting math alphabet `\mathit' in version `normal'
(Font)                  OT1/cmr/m/it --> TU/NotoSansCJKSC(0)/m/it on input line
 47.
LaTeX Font Info:    Overwriting math alphabet `\mathbf' in version `normal'
(Font)                  OT1/cmr/bx/n --> TU/NotoSansCJKSC(0)/b/n on input line 
47.
LaTeX Font Info:    Overwriting math alphabet `\mathsf' in version `normal'
(Font)                  OT1/cmss/m/n --> TU/lmss/m/n on input line 47.
LaTeX Font Info:    Overwriting math alphabet `\mathtt' in version `normal'
(Font)                  OT1/cmtt/m/n --> TU/lmtt/m/n on input line 47.
LaTeX Font Info:    Overwriting symbol font `operators' in version `bold'
(Font)                  TU/NotoSansCJKSC(0)/m/n --> TU/NotoSansCJKSC(0)/b/n on 
input line 47.
LaTeX Font Info:    Overwriting math alphabet `\mathit' in version `bold'
(Font)                  OT1/cmr/bx/it --> TU/NotoSansCJKSC(0)/b/it on input lin
e 47.
LaTeX Font Info:    Overwriting math alphabet `\mathsf' in version `bold'
(Font)                  OT1/cmss/bx/n --> TU/lmss/b/n on input line 47.
LaTeX Font Info:    Overwriting math alphabet `\mathtt' in version `bold'
(Font)                  OT1/cmtt/m/n --> TU/lmtt/b/n on input line 47.
Package hyperref Info: Link coloring ON on input line 47.

(/usr/share/texlive/texmf-dist/tex/latex/hyperref/nameref.sty
Package: nameref 2021-04-02 v2.47 Cross-referencing by name of section

(/usr/share/texlive/texmf-dist/tex/latex/refcount/refcount.sty
Package: refcount 2019/12/15 v3.6 Data extraction from label references (HO)
)
(/usr/share/texlive/texmf-dist/tex/generic/gettitlestring/gettitlestring.sty
Package: gettitlestring 2019/12/15 v1.6 Cleanup title references (HO)
)
\c@section@level=\count309
)
LaTeX Info: Redefining \ref on input line 47.
LaTeX Info: Redefining \pageref on input line 47.
LaTeX Info: Redefining \nameref on input line 47.

(./paper-zh.out) (./paper-zh.out)
\@outlinefile=\write3
\openout3 = `paper-zh.out'.

LaTeX Font Info:    Trying to load font information for U+msa on input line 49.


(/usr/share/texlive/texmf-dist/tex/latex/amsfonts/umsa.fd
File: umsa.fd 2013/01/14 v3.01 AMS symbols A
)
LaTeX Font Info:    Trying to load font information for U+msb on input line 49.


(/usr/share/texlive/texmf-dist/tex/latex/amsfonts/umsb.fd
File: umsb.fd 2013/01/14 v3.01 AMS symbols B
)

LaTeX Font Warning: Font shape `TU/NotoSansCJKSC(0)/m/it' undefined
(Font)              using `TU/NotoSansCJKSC(0)/m/n' instead on input line 49.

Missing character: There is no ł (U+0142) in font Noto Sans CJK SC/OT:script=la
tn;language=dflt;mapping=tex-text;!
Missing character: There is no ł (U+0142) in font Noto Sans CJK SC/OT:script=la
tn;language=dflt;mapping=tex-text;!

Overfull \hbox (25.46474pt too wide) in paragraph at lines 63--65
\TU/NotoSansCJKSC(0)/m/it/10 单 一 多 项 式， 经 全 幺 模 格 点 多 胞 体 表 示 与 Ehrhart 理 论 证 明
） 与奇 偶 性（$\OML/cmm/m/it/10 L\OT1/cmr/m/n/10 (\OMS/cmsy/m/n/10 ^^@\OML/cmm/m/it/
10 N\OT1/cmr/m/n/10 ) = (\OMS/cmsy/m/n/10 ^^@\OT1/cmr/m/n/10 1)[]\OML/cmm/m/it/
10 L\OT1/cmr/m/n/10 (\OML/cmm/m/it/10 N\OT1/cmr/m/n/10 )$\TU/NotoSansCJKSC(0)/m
/it/10 ，
 []


Overfull \hbox (14.6498pt too wide) in paragraph at lines 63--65
\TU/NotoSansCJKSC(0)/m/it/10 立 的 复 现 与 认 证 包 （[][]$[][][][][] [] [] [] [][][][]
[][] [] [][][] [] [][][][][][][][][] [] [][][][][][][][][][][][][][][][][][][][
][][][][][][][][][][][][]$[][]）；
 []

[1

] [2] (./paper-zh.toc [3])
\tf@toc=\write4
\openout4 = `paper-zh.toc'.

 [4]
Overfull \hbox (19.2346pt too wide) detected at line 94
[] [] \OMS/cmsy/m/n/10.95 ^^U [] \OT1/cmr/m/n/10.95 = 0\OML/cmm/m/it/10.95 :\OT
1/cmr/m/n/10.95 849377 [] \OML/cmm/m/it/10.95 ;  [] [] \OMS/cmsy/m/n/10.95 ^^U 
[] \OT1/cmr/m/n/10.95 = 0\OML/cmm/m/it/10.95 :\OT1/cmr/m/n/10.95 924688 [] \OML
/cmm/m/it/10.95 ;
 []

[5] [6]

Package hyperref Warning: Token not allowed in a PDF string (Unicode):
(hyperref)                removing `\@ifnextchar' on input line 128.


Package hyperref Warning: Token not allowed in a PDF string (Unicode):
(hyperref)                removing `math shift' on input line 132.


Package hyperref Warning: Token not allowed in a PDF string (Unicode):
(hyperref)                removing `\setbox' on input line 132.


Package hyperref Warning: Token not allowed in a PDF string (Unicode):
(hyperref)                removing `\z@' on input line 132.


Package hyperref Warning: Token not allowed in a PDF string (Unicode):
(hyperref)                removing `\hbox' on input line 132.


Package hyperref Warning: Token not allowed in a PDF string (Unicode):
(hyperref)                removing `\mathsurround' on input line 132.


Package hyperref Warning: Token not allowed in a PDF string (Unicode):
(hyperref)                removing `\z@' on input line 132.


Package hyperref Warning: Token not allowed in a PDF string (Unicode):
(hyperref)                removing `math shift' on input line 132.


Package hyperref Warning: Token not allowed in a PDF string (Unicode):
(hyperref)                removing `\textstyle' on input line 132.


Package hyperref Warning: Token not allowed in a PDF string (Unicode):
(hyperref)                removing `math shift' on input line 132.


Package hyperref Warning: Token not allowed in a PDF string (Unicode):
(hyperref)                removing `\mathaccent' on input line 132.


Package hyperref Warning: Token not allowed in a PDF string (Unicode):
(hyperref)                removing `math shift' on input line 132.

[7] [8]
Overfull \hbox (26.33537pt too wide) in paragraph at lines 267--270
\TU/NotoSansCJKSC(0)/m/it/10.95 而 原 点 附 近 的 质 量 界 仅 来 自 矩 数 据 （§[][]3[][]）。 在 矩
 序 列$\OT1/cmr/m/n/10.95 (1\OML/cmm/m/it/10.95 ; \OT1/cmr/m/n/10.95 1\OML/cmm/m/
it/10.95 ; []; \OT1/cmr/m/n/10.95 2\OML/cmm/m/it/10.95 ; []\OT1/cmr/m/n/10.95 )
$\TU/NotoSansCJKSC(0)/m/it/10.95 处， 计 数 精 确 给 出$\OT1/cmr/m/n/10.95 13/18$\TU/No
toSansCJKSC(0)/m/it/10.95 和$\OT1/cmr/m/n/10.95 31/36$\TU/NotoSansCJKSC(0)/m/it/
10.95 ；
 []

LaTeX Font Info:    Trying to load font information for U+euf on input line 303
.
(/usr/share/texlive/texmf-dist/tex/latex/amsfonts/ueuf.fd
File: ueuf.fd 2013/01/14 v3.01 Euler Fraktur
)
Overfull \hbox (17.76833pt too wide) in paragraph at lines 302--304
$\OML/cmm/m/it/10.95 N[]\OT1/cmr/m/n/10.95 (\OML/cmm/m/it/10.95 k; j\OT1/cmr/m/
n/10.95 )$\TU/NotoSansCJKSC(0)/m/it/10.95 表 示 锁 定 四 元 组$\OT1/cmr/m/n/10.95 (\OM
L/cmm/m/it/10.95 m;  m \OMS/cmsy/m/n/10.95 ^^@ \OML/cmm/m/it/10.95 rk;  n;  n \
OMS/cmsy/m/n/10.95 ^^@ \OML/cmm/m/it/10.95 qk\OT1/cmr/m/n/10.95 )$\TU/NotoSansC
JKSC(0)/m/it/10.95 且 满 足$\OML/cmm/m/it/10.95 b[]n \OMS/cmsy/m/n/10.95 ^^@ \OML/
cmm/m/it/10.95 b[]m \OT1/cmr/m/n/10.95 = \OML/cmm/m/it/10.95 j$\TU/NotoSansCJKS
C(0)/m/it/10.95 的$\OT1/cmr/m/n/10.95 ^^C[]$\TU/NotoSansCJKSC(0)/m/it/10.95 加 权 
计 数，$\U/euf/m/n/10.95 S[]\OT1/cmr/m/n/10.95 (\OML/cmm/m/it/10.95 k; j\OT1/cmr/m
/n/10.95 ) \OML/cmm/m/it/10.95 V\OT1/cmr/m/n/10.95 (\OML/cmm/m/it/10.95 k; j\OT
1/cmr/m/n/10.95 )$\TU/NotoSansCJKSC(0)/m/it/10.95 为
 []

[9]
Missing character: There is no ł (U+0142) in font Noto Sans CJK SC/OT:script=la
tn;language=dflt;mapping=tex-text;!
Missing character: There is no ł (U+0142) in font Noto Sans CJK SC/OT:script=la
tn;language=dflt;mapping=tex-text;!
[10]
Overfull \hbox (21.3234pt too wide) in paragraph at lines 370--373
\TU/NotoSansCJKSC(0)/m/it/10.95 为$\OT1/cmr/m/n/10.95 1$\TU/NotoSansCJKSC(0)/m/i
t/10.95 ； （v） 类$\OML/cmm/m/it/10.95 P[]$\TU/NotoSansCJKSC(0)/m/it/10.95 由 引 理 [
][]3.3[][]强 制 为 精 确 关 系$\OML/cmm/m/it/10.95 n[]n[] \OT1/cmr/m/n/10.95 = \OML/cm
m/m/it/10.95 n[]$\TU/NotoSansCJKSC(0)/m/it/10.95 ， 即 单 个 素 数 的 幂， 而$[][] [][] [
][] \OML/cmm/m/it/10.95 p p[] \OT1/cmr/m/n/10.95 =
 []


Package hyperref Warning: Token not allowed in a PDF string (Unicode):
(hyperref)                removing `math shift' on input line 375.


Package hyperref Warning: Token not allowed in a PDF string (Unicode):
(hyperref)                removing `math shift' on input line 375.


Package hyperref Warning: Token not allowed in a PDF string (Unicode):
(hyperref)                removing `math shift' on input line 375.


Package hyperref Warning: Token not allowed in a PDF string (Unicode):
(hyperref)                removing `math shift' on input line 375.

[11]

Package hyperref Warning: Token not allowed in a PDF string (Unicode):
(hyperref)                removing `math shift' on input line 403.


Package hyperref Warning: Token not allowed in a PDF string (Unicode):
(hyperref)                removing `math shift' on input line 403.


Overfull \hbox (25.31232pt too wide) in paragraph at lines 405--406
\TU/NotoSansCJKSC(0)/m/it/10.95 为$\OMS/cmsy/m/n/10.95 ^^@\OT1/cmr/m/n/10.95 2[[
](2\OML/cmm/m/it/10.95 T\OT1/cmr/m/n/10.95 /\OML/cmm/m/it/10.95 N\OT1/cmr/m/n/1
0.95 ) \OMS/cmsy/m/n/10.95 ^^@ []\OT1/cmr/m/n/10.95 (\OML/cmm/m/it/10.95 T\OT1/
cmr/m/n/10.95 /\OML/cmm/m/it/10.95 N\OT1/cmr/m/n/10.95 )]$\TU/NotoSansCJKSC(0)/
m/it/10.95 ， 在$\OML/cmm/m/it/10.95 N \OMS/cmsy/m/n/10.95 ^^P \OML/cmm/m/it/10.9
5 T$\TU/NotoSansCJKSC(0)/m/it/10.95 处 为 边 界 层； 簇 平 方 扇 区 的 光 滑 部 分 恒 为 零， 因 为$[
][] [] \OML/cmm/m/it/10.95 d\OT1/cmr/m/n/10.95 ^^A =
 []


Overfull \hbox (11.62329pt too wide) in paragraph at lines 416--417
\TU/NotoSansCJKSC(0)/m/it/10.95 量； 门：$\OML/cmm/m/it/10.95 C[]\OT1/cmr/m/n/10.95
 (\OML/cmm/m/it/10.95 v\OT1/cmr/m/n/10.95 ) = [](\OMS/cmsy/m/n/10.95 j\OML/cmm/
m/it/10.95 v\OMS/cmsy/m/n/10.95 j\OML/cmm/m/it/10.95 ; \OT1/cmr/m/n/10.95 1)$\T
U/NotoSansCJKSC(0)/m/it/10.95 精 确，$[] \OML/cmm/m/it/10.95 O[]C[] \OT1/cmr/m/n/1
0.95 = 0$\TU/NotoSansCJKSC(0)/m/it/10.95 （故$\OML/cmm/m/it/10.95 m[]\OT1/cmr/m/n
/10.95 (1) = 2$\TU/NotoSansCJKSC(0)/m/it/10.95 ）， 且$\OML/cmm/m/it/10.95 m[]\OT1
/cmr/m/n/10.95 (1)$\TU/NotoSansCJKSC(0)/m/it/10.95 组 装 为$\OT1/cmr/m/n/10.95 3\O
ML/cmm/m/it/10.95 :\OT1/cmr/m/n/10.95 25103$\TU/NotoSansCJKSC(0)/m/it/10.95 与$[
]$（网
 []


Overfull \hbox (115.51639pt too wide) in paragraph at lines 416--417
\TU/NotoSansCJKSC(0)/m/it/10.95 格 误 差$\OT1/cmr/m/n/10.95 0\OML/cmm/m/it/10.95 :
\OT1/cmr/m/n/10.95 03[]$\TU/NotoSansCJKSC(0)/m/it/10.95 ）。$\OML/cmm/m/it/10.95 
m[]\OT1/cmr/m/n/10.95 (1) = []$\TU/NotoSansCJKSC(0)/m/it/10.95 通 过 三 个 独 立 方 式 
固 定 （累 积 量 组 装； GUE 模 拟$\OML/cmm/m/it/10.95 m[] \OT1/cmr/m/n/10.95 = 1\OML/cmm/
m/it/10.95 :\OT1/cmr/m/n/10.95 0000\OML/cmm/m/it/10.95 ; \OT1/cmr/m/n/10.95 1\O
ML/cmm/m/it/10.95 :\OT1/cmr/m/n/10.95 3313\OML/cmm/m/it/10.95 ; \OT1/cmr/m/n/10
.95 1\OML/cmm/m/it/10.95 :\OT1/cmr/m/n/10.95 9913\OML/cmm/m/it/10.95 ; \OT1/cmr
/m/n/10.95 3\OML/cmm/m/it/10.95 :\OT1/cmr/m/n/10.95 2213(27)$\TU/NotoSansCJKSC(
0)/m/it/10.95 ；
 []


Package hyperref Warning: Token not allowed in a PDF string (Unicode):
(hyperref)                removing `math shift' on input line 422.


Package hyperref Warning: Token not allowed in a PDF string (Unicode):
(hyperref)                removing `math shift' on input line 422.

[12]
Overfull \hbox (19.3206pt too wide) in paragraph at lines 436--437
\TU/NotoSansCJKSC(0)/m/it/10.95 （早 期 草 稿 打 印 了$\OT1/cmr/m/n/10.95 ^^C[](0) = 0\
OML/cmm/m/it/10.95 :\OT1/cmr/m/n/10.95 156293$\TU/NotoSansCJKSC(0)/m/it/10.95 ；
 认 证 审 计 重 新 计 算 了 闭 式， 发 现 所 述 定 理 常 数$\OT1/cmr/m/n/10.95 0\OML/cmm/m/it/10.95
 :\OT1/cmr/m/n/10.95 6916/0\OML/cmm/m/it/10.95 :\OT1/cmr/m/n/10.95 8458$\TU/Not
oSansCJKSC(0)/m/it/10.95 正
 []


Overfull \hbox (14.0048pt too wide) in paragraph at lines 453--455
\OT1/cmr/m/n/10.95 ([])[]$\TU/NotoSansCJKSC(0)/m/it/10.95 的 单 元 格 以 已 认 证 成 本$\
OT1/cmr/m/n/10.95 0\OML/cmm/m/it/10.95 :\OT1/cmr/m/n/10.95 71[]$\TU/NotoSansCJK
SC(0)/m/it/10.95 权 重 份 额 丢 弃，$\OMS/cmsy/m/n/10.95 ^^T \OT1/cmr/m/n/10.95 3 \OMS
/cmsy/m/n/10.95 ^^B \OT1/cmr/m/n/10.95 10[]$\TU/NotoSansCJKSC(0)/m/it/10.95 个$\
OML/cmm/m/it/10.95 R$\TU/NotoSansCJKSC(0)/m/it/10.95 单 位。 平 凡 包 络$[][] \OT1/cmr
/m/n/10.95 ^^C(\OML/cmm/m/it/10.95 n\OT1/cmr/m/n/10.95 )^^C(\OML/cmm/m/it/10.95
 n \OT1/cmr/m/n/10.95 +
 []

[13]
Overfull \hbox (3.6657pt too wide) in paragraph at lines 493--494
[]\TU/NotoSansCJKSC(0)/m/it/10.95 左 边 为$[][] \OML/cmm/m/it/10.95 ^^W\OT1/cmr/m/
n/10.95 (\OML/cmm/m/it/10.95 h\OT1/cmr/m/n/10.95 )\OMS/cmsy/m/n/10.95 j[]\OT1/c
mr/m/n/10.95 (\OML/cmm/m/it/10.95 h\OT1/cmr/m/n/10.95 )\OMS/cmsy/m/n/10.95 j[]$
\TU/NotoSansCJKSC(0)/m/it/10.95 ，$\OML/cmm/m/it/10.95 ^^W\OT1/cmr/m/n/10.95 (\O
ML/cmm/m/it/10.95 h\OT1/cmr/m/n/10.95 ) \OMS/cmsy/m/n/10.95 ^^T \OML/cmm/m/it/1
0.95 ^^\\OT1/cmr/m/n/10.95 (\OML/cmm/m/it/10.95 h\OT1/cmr/m/n/10.95 )$\TU/NotoS
ansCJKSC(0)/m/it/10.95 。 在$\OML/cmm/m/it/10.95 ^^W \OMS/cmsy/m/n/10.95 ^^T \OT1
/cmr/m/n/10.95 ([] \OML/cmm/m/it/10.95 Y\OT1/cmr/m/n/10.95 )[]$\TU/NotoSansCJKS
C(0)/m/it/10.95 处 分： 通 常 部 分 花 费$\OT1/cmr/m/n/10.95 ([])[]$\TU/NotoSansCJKSC(0)
/m/it/10.95 对
 []


Overfull \hbox (14.85909pt too wide) in paragraph at lines 496--497
\TU/NotoSansCJKSC(0)/m/it/10.95 Poisson 地 板， 测 量 超 出 预 算$\OT1/cmr/m/n/10.95 50$
\TU/NotoSansCJKSC(0)/m/it/10.95 –$\OT1/cmr/m/n/10.95 60$\TU/NotoSansCJKSC(0)/m/
it/10.95 倍， 从 未 使 用）。 胶 层 （焊 接 权 重$\OML/cmm/m/it/10.95 w[]\OT1/cmr/m/n/10.95 (\
OML/cmm/m/it/10.95 n\OT1/cmr/m/n/10.95 ) = [][] ^^C(\OML/cmm/m/it/10.95 m\OT1/c
mr/m/n/10.95 )^^C(\OML/cmm/m/it/10.95 m \OMS/cmsy/m/n/10.95 ^^@
 []


Overfull \hbox (33.78552pt too wide) in paragraph at lines 510--515
[][]\TU/NotoSansCJKSC(0)/b/n/10.95 引理 4.8 \TU/NotoSansCJKSC(0)/m/it/10.95 (有限$\
OML/cmm/m/it/10.95 J$\TU/NotoSansCJKSC(0)/m/it/10.95 求值与一致尾部)\TU/NotoSansCJKSC(
0)/b/n/10.95 . []\TU/NotoSansCJKSC(0)/m/it/10.95 对 每 个 有 限$\OML/cmm/m/it/10.95 
J$\TU/NotoSansCJKSC(0)/m/it/10.95 和$\OML/cmm/m/it/10.95 ^^R$\TU/NotoSansCJKSC(0
)/m/it/10.95 ， $[][] [][]\OT1/cmr/m/n/10.95 (\OML/cmm/m/it/10.95 j\OT1/cmr/m/n/
10.95 ) [][](\OML/cmm/m/it/10.95 ^^R\OT1/cmr/m/n/10.95 ) = [][] \OML/cmm/m/it/1
0.95 ^^M[] S[]\OT1/cmr/m/n/10.95 (\OML/cmm/m/it/10.95 d^^R\OT1/cmr/m/n/10.95 ; 
\OMS/cmsy/m/n/10.95 b\OML/cmm/m/it/10.95 J\OT1/cmr/m/n/10.95 /\OML/cmm/m/it/10.
95 d\OMS/cmsy/m/n/10.95 c\OT1/cmr/m/n/10.95 )$
 []


Overfull \hbox (4.60031pt too wide) in paragraph at lines 528--532
[][]\TU/NotoSansCJKSC(0)/b/n/10.95 引理 4.10 \TU/NotoSansCJKSC(0)/m/it/10.95 (核心的
连续极限；等级：带计算常数的证明形态——见下方等级说明)\TU/NotoSansCJKSC(0)/b/n/10.95 . []$[]\OT1/cmr/m/n/
10.95 (\OML/cmm/m/it/10.95 T\OT1/cmr/m/n/10.95 )$\TU/NotoSansCJKSC(0)/m/it/10.9
5 在$\OML/cmm/m/it/10.95 T \OMS/cmsy/m/n/10.95 !
 []

[14] [15] [16]
Overfull \hbox (10.84586pt too wide) in paragraph at lines 630--635
\TU/NotoSansCJKSC(0)/m/it/10.95 一 致 成 立，$\OML/cmm/m/it/10.95 S[]$\TU/NotoSansCJ
KSC(0)/m/it/10.95 同 理； 常 数 不 可 有 效 化。 因 此， 在 MM 箱 上， $[][] \OMS/cmsy/m/n/10.95 
^^@ [][] ^^\ [] ^^A \OML/cmm/m/it/10.95 Y\OT1/cmr/m/n/10.95 ([] \OML/cmm/m/it/1
0.95 Y\OT1/cmr/m/n/10.95 )[] +
 []

[17]
Overfull \hbox (23.27322pt too wide) in paragraph at lines 666--668
\TU/NotoSansCJKSC(0)/m/it/10.95 理 [][]7.1[][]取$\OML/cmm/m/it/10.95 A[] \OT1/cmr
/m/n/10.95 = \OML/cmm/m/it/10.95 A \OT1/cmr/m/n/10.95 + 2\OML/cmm/m/it/10.95 B[
]$\TU/NotoSansCJKSC(0)/m/it/10.95 给 出 逐 点 相 对 节 省$\OT1/cmr/m/n/10.95 ([])[]$\TU
/NotoSansCJKSC(0)/m/it/10.95 ， 故$[][] \OMS/cmsy/m/n/10.95 j[] ^^@ []j[] ^^\ \OT
1/cmr/m/n/10.95 ([])[] [] [][]$\TU/NotoSansCJKSC(0)/m/it/10.95 ；
 []


Overfull \hbox (33.95868pt too wide) in paragraph at lines 666--668
\TU/NotoSansCJKSC(0)/m/it/10.95 由 引 理 [][]7.4[][]， 梳 与 模 型 一 致 到$\OT1/cmr/m/n/1
0.95 ([])[]$\TU/NotoSansCJKSC(0)/m/it/10.95 相 对， 被$\OML/cmm/m/it/10.95 B[]$\TU/
NotoSansCJKSC(0)/m/it/10.95 的 选 择 吸 收。 混 合 和 双 次 箱 贡 献$\OMS/cmsy/m/n/10.95 ^^\ 
\OT1/cmr/m/n/10.95 ([])[]$\TU/NotoSansCJKSC(0)/m/it/10.95 相
 []


Overfull \hbox (3.85335pt too wide) in paragraph at lines 693--696
[][]\TU/NotoSansCJKSC(0)/b/n/10.95 命题 8.1. []\TU/NotoSansCJKSC(0)/m/it/10.95 对 
共 享 一 个 窗 口 的$\OML/cmm/m/it/10.95 b$\TU/NotoSansCJKSC(0)/m/it/10.95 循 环 位 置 格， 
任 意 每 格 密 度$\OML/cmm/m/it/10.95 f[]; g[]$\TU/NotoSansCJKSC(0)/m/it/10.95 ： $[][
] \OML/cmm/m/it/10.95 N[]\OT1/cmr/m/n/10.95 (\OML/cmm/m/it/10.95 j\OT1/cmr/m/n/
10.95 )\OML/cmm/m/it/10.95 N[]\OT1/cmr/m/n/10.95 (\OML/cmm/m/it/10.95 j\OT1/cmr
/m/n/10.95 ) = [][] [][] \OML/cmm/m/it/10.95 C[]\OT1/cmr/m/n/10.95 (\OML/cmm/m/
it/10.95 t\OT1/cmr/m/n/10.95 )$\TU/NotoSansCJKSC(0)/m/it/10.95 ，
 []


Overfull \hbox (83.21838pt too wide) in paragraph at lines 706--707
\TU/NotoSansCJKSC(0)/m/it/10.95 Bell$\OT1/cmr/m/n/10.95 (5) = 52$\TU/NotoSansCJ
KSC(0)/m/it/10.95 和 Bell$\OT1/cmr/m/n/10.95 (6) = 203$\TU/NotoSansCJKSC(0)/m/it
/10.95 类 分 类 账 经 机 器 枚 举 （类 表$\OT1/cmr/m/n/10.95 1/10/15/10/10/5/1$\TU/NotoSans
CJKSC(0)/m/it/10.95 和$\OT1/cmr/m/n/10.95 1/15/45/15/20/60/10/15/15/6/1$\TU/Noto
SansCJKSC(0)/m/it/10.95 ；
 []

[18] [19]
Overfull \hbox (83.75081pt too wide) in paragraph at lines 749--750
\TU/NotoSansCJKSC(0)/m/it/10.95 审 计 分 类 账 中 作 为 命 名 写 出 条 目 的 三 项 在 此 处 理； 其 预 
注 册 面 在\TU/lmtt/m/n/10.95 certification/ writeouts_verification.py\TU/NotoSansC
JKSC(0)/m/it/10.95 中
 []


Overfull \hbox (26.21295pt too wide) in paragraph at lines 756--757
\TU/NotoSansCJKSC(0)/m/it/10.95 结 槽 恒 等 式 （单 例 块 重 复 游 走 值 且 不 改 变 重 叠 范 围 ——机 
器 精 确，\TU/lmtt/m/n/10.95 face_o5_gate\TU/NotoSansCJKSC(0)/m/it/10.95 /\TU/lmtt/
m/n/10.95 face_b6_frame\TU/NotoSansCJKSC(0)/m/it/10.95 ）。
 []

[20] [21] [22]
Overfull \hbox (82.43376pt too wide) in paragraph at lines 858--860
\TU/NotoSansCJKSC(0)/m/it/10.95 两 个 恒 等 式 作 为 程 序 每 个 谱 池 的 常 设 接 受 门 （门 F-LOGD
ET）： 在 三 个 存 档 池 （$\OML/cmm/m/it/10.95 N \OT1/cmr/m/n/10.95 = 128\OML/cmm/m/it/
10.95 ; \OT1/cmr/m/n/10.95 256\OML/cmm/m/it/10.95 ; \OT1/cmr/m/n/10.95 512$\TU/
NotoSansCJKSC(0)/m/it/10.95 ；$\OT1/cmr/m/n/10.95 800/250/60$\TU/NotoSansCJKSC(0
)/m/it/10.95 样
 []


Overfull \hbox (8.8856pt too wide) in paragraph at lines 871--872
[]\TU/NotoSansCJKSC(0)/m/it/10.95 (vii) Toeplitz–迹 表 示： 精 确 有 限$\OML/cmm/m/it/1
0.95 N$\TU/NotoSansCJKSC(0)/m/it/10.95 矩。由 于$\OML/cmm/m/it/10.95 WW[]$\TU/NotoS
ansCJKSC(0)/m/it/10.95 和$\OML/cmm/m/it/10.95 W[]W$\TU/NotoSansCJKSC(0)/m/it/10.
95 共 享 谱，$[]$（(vi)） 与 随 机 Toeplitz
 []


Overfull \hbox (38.2727pt too wide) in paragraph at lines 887--891
\TU/NotoSansCJKSC(0)/m/it/10.95 式， 次 数$\OMS/cmsy/m/n/10.95 b\OML/cmm/m/it/10.95
 b\OT1/cmr/m/n/10.95 /2\OMS/cmsy/m/n/10.95 c$\TU/NotoSansCJKSC(0)/m/it/10.95 ， 
其 常 数 项重 新 推 导， 独 立 于 本 文 所 有 位 置 空 间 方 法， 塔 值$[]$，$[]$，$[]$，$[]$，$[]$—
 []

[23]
Overfull \hbox (11.91641pt too wide) in paragraph at lines 903--905
\TU/NotoSansCJKSC(0)/m/it/10.95 放 置 类 清 单 （全 部 二 面 体， 两 次 机 器 审 计）：$\OMS/cmsy/m
/n/10.95 f\OT1/cmr/m/n/10.95 5\OML/cmm/m/it/10.95 ; \OT1/cmr/m/n/10.95 2\OMS/cm
sy/m/n/10.95 g$\TU/NotoSansCJKSC(0)/m/it/10.95 ：$\OT1/cmr/m/n/10.95 21$\TU/Noto
SansCJKSC(0)/m/it/10.95 个 划 分 为$\OT1/cmr/m/n/10.95 3$\TU/NotoSansCJKSC(0)/m/it/
10.95 个 大 小 为$\OT1/cmr/m/n/10.95 7$\TU/NotoSansCJKSC(0)/m/it/10.95 的 轨 道；$\OMS/
cmsy/m/n/10.95 f\OT1/cmr/m/n/10.95 2[]\OMS/cmsy/m/n/10.95 g$\TU/NotoSansCJKSC(0
)/m/it/10.95 ：$\OT1/cmr/m/n/10.95 105$\TU/NotoSansCJKSC(0)/m/it/10.95 个
 []


Overfull \hbox (28.6415pt too wide) in paragraph at lines 903--905
\TU/NotoSansCJKSC(0)/m/it/10.95 匹 配 为$\OT1/cmr/m/n/10.95 17$\TU/NotoSansCJKSC(0
)/m/it/10.95 个 轨 道；$\OMS/cmsy/m/n/10.95 f\OT1/cmr/m/n/10.95 2\OML/cmm/m/it/10.9
5 ; \OT1/cmr/m/n/10.95 2\OML/cmm/m/it/10.95 ; \OT1/cmr/m/n/10.95 4\OMS/cmsy/m/n
/10.95 g$\TU/NotoSansCJKSC(0)/m/it/10.95 ：$\OT1/cmr/m/n/10.95 210$\TU/NotoSansC
JKSC(0)/m/it/10.95 个 为$\OT1/cmr/m/n/10.95 22$\TU/NotoSansCJKSC(0)/m/it/10.95 个；
$\OMS/cmsy/m/n/10.95 f\OT1/cmr/m/n/10.95 4\OML/cmm/m/it/10.95 ; \OT1/cmr/m/n/10
.95 4\OMS/cmsy/m/n/10.95 g$\TU/NotoSansCJKSC(0)/m/it/10.95 ：$\OT1/cmr/m/n/10.95
 35$\TU/NotoSansCJKSC(0)/m/it/10.95 个 为$\OT1/cmr/m/n/10.95 7$\TU/NotoSansCJKSC(
0)/m/it/10.95 个；$\OMS/cmsy/m/n/10.95 f\OT1/cmr/m/n/10.95 6\OML/cmm/m/it/10.95 ;
 \OT1/cmr/m/n/10.95 2\OMS/cmsy/m/n/10.95 g$\TU/NotoSansCJKSC(0)/m/it/10.95 ：$\O
T1/cmr/m/n/10.95 28$\TU/NotoSansCJKSC(0)/m/it/10.95 个 为$\OT1/cmr/m/n/10.95 4$\T
U/NotoSansCJKSC(0)/m/it/10.95 个 （大 小$\OT1/cmr/m/n/10.95 8/8/8/4$\TU/NotoSansCJK
SC(0)/m/it/10.95 ）。
 []


Overfull \hbox (4.34517pt too wide) in paragraph at lines 939--940
\TU/NotoSansCJKSC(0)/m/it/10.95 在 容 差 门 （$\OT1/cmr/m/n/10.95 3 \OMS/cmsy/m/n/10
.95 ^^B \OT1/cmr/m/n/10.95 10[]$\TU/NotoSansCJKSC(0)/m/it/10.95 ） 内， 因 此 角 点 移 
动， 证 书 重 新 优 化 （§[][]11[][]）； 候 选 偏 差 前 向 记 录 （D22），
 []

[24]

Package hyperref Warning: Token not allowed in a PDF string (Unicode):
(hyperref)                removing `math shift' on input line 941.


Package hyperref Warning: Token not allowed in a PDF string (Unicode):
(hyperref)                removing `subscript' on input line 941.


Package hyperref Warning: Token not allowed in a PDF string (Unicode):
(hyperref)                removing `\infty' on input line 941.


Package hyperref Warning: Token not allowed in a PDF string (Unicode):
(hyperref)                removing `math shift' on input line 941.


Overfull \hbox (14.7059pt too wide) in paragraph at lines 966--967
[][]\TU/NotoSansCJKSC(0)/b/n/10.95 推论 9.3 \TU/NotoSansCJKSC(0)/m/it/10.95 (实例)\
TU/NotoSansCJKSC(0)/b/n/10.95 . []\TU/NotoSansCJKSC(0)/m/it/10.95 W3 （引 理 [][]8
.6[][]） 是$\OMS/cmsy/m/n/10.95 B \OT1/cmr/m/n/10.95 = \OMS/cmsy/m/n/10.95 f\OT1/
cmr/m/n/10.95 2\OML/cmm/m/it/10.95 ; \OT1/cmr/m/n/10.95 2\OML/cmm/m/it/10.95 ; 
\OT1/cmr/m/n/10.95 2\OMS/cmsy/m/n/10.95 g$\TU/NotoSansCJKSC(0)/m/it/10.95 情 形； 
本 文 消 耗 的 类 是 进 一 步 实 例W4 $\OT1/cmr/m/n/10.95 = \OMS/cmsy/m/n/10.95 f\OT1/cmr/m
/n/10.95 5\OML/cmm/m/it/10.95 ; \OT1/cmr/m/n/10.95 2\OMS/cmsy/m/n/10.95 g$\TU/N
otoSansCJKSC(0)/m/it/10.95 ，W5
 []


Overfull \hbox (295.44438pt too wide) in paragraph at lines 966--967
\OT1/cmr/m/n/10.95 = \OMS/cmsy/m/n/10.95 f\OT1/cmr/m/n/10.95 2[]\OMS/cmsy/m/n/1
0.95 g$\TU/NotoSansCJKSC(0)/m/it/10.95 ，W6 $\OT1/cmr/m/n/10.95 = \OMS/cmsy/m/n/
10.95 f\OT1/cmr/m/n/10.95 2\OML/cmm/m/it/10.95 ; \OT1/cmr/m/n/10.95 2\OML/cmm/m
/it/10.95 ; \OT1/cmr/m/n/10.95 4\OMS/cmsy/m/n/10.95 g\OML/cmm/m/it/10.95 ; \OMS
/cmsy/m/n/10.95 f\OT1/cmr/m/n/10.95 6\OML/cmm/m/it/10.95 ; \OT1/cmr/m/n/10.95 2
\OMS/cmsy/m/n/10.95 g$\TU/NotoSansCJKSC(0)/m/it/10.95 ，W7 $\OT1/cmr/m/n/10.95 =
 \OMS/cmsy/m/n/10.95 f\OT1/cmr/m/n/10.95 4\OML/cmm/m/it/10.95 ; \OT1/cmr/m/n/10
.95 4\OMS/cmsy/m/n/10.95 g$\TU/NotoSansCJKSC(0)/m/it/10.95 ； 且 第 九、 十 阶 分 类 账 （
$\OMS/cmsy/m/n/10.95 f\OT1/cmr/m/n/10.95 7\OML/cmm/m/it/10.95 ; \OT1/cmr/m/n/10
.95 2\OMS/cmsy/m/n/10.95 g$\TU/NotoSansCJKSC(0)/m/it/10.95 ，$\OMS/cmsy/m/n/10.9
5 f\OT1/cmr/m/n/10.95 5\OML/cmm/m/it/10.95 ; \OT1/cmr/m/n/10.95 4\OMS/cmsy/m/n/
10.95 g$\TU/NotoSansCJKSC(0)/m/it/10.95 ，$\OMS/cmsy/m/n/10.95 f\OT1/cmr/m/n/10.
95 5\OML/cmm/m/it/10.95 ; \OT1/cmr/m/n/10.95 2\OML/cmm/m/it/10.95 ; \OT1/cmr/m/
n/10.95 2\OMS/cmsy/m/n/10.95 g$\TU/NotoSansCJKSC(0)/m/it/10.95 ；$\OMS/cmsy/m/n/
10.95 f\OT1/cmr/m/n/10.95 8\OML/cmm/m/it/10.95 ; \OT1/cmr/m/n/10.95 2\OMS/cmsy/
m/n/10.95 g$\TU/NotoSansCJKSC(0)/m/it/10.95 ，$\OMS/cmsy/m/n/10.95 f\OT1/cmr/m/n
/10.95 6\OML/cmm/m/it/10.95 ; \OT1/cmr/m/n/10.95 4\OMS/cmsy/m/n/10.95 g$\TU/Not
oSansCJKSC(0)/m/it/10.95 ，$\OMS/cmsy/m/n/10.95 f\OT1/cmr/m/n/10.95 5\OML/cmm/m/
it/10.95 ; \OT1/cmr/m/n/10.95 5\OMS/cmsy/m/n/10.95 g$\TU/NotoSansCJKSC(0)/m/it/
10.95 ，$\OMS/cmsy/m/n/10.95 f\OT1/cmr/m/n/10.95 6\OML/cmm/m/it/10.95 ; \OT1/cmr
/m/n/10.95 2\OML/cmm/m/it/10.95 ; \OT1/cmr/m/n/10.95 2\OMS/cmsy/m/n/10.95 g$\TU
/NotoSansCJKSC(0)/m/it/10.95 ，$\OMS/cmsy/m/n/10.95 f\OT1/cmr/m/n/10.95 4\OML/cm
m/m/it/10.95 ; \OT1/cmr/m/n/10.95 4\OML/cmm/m/it/10.95 ; \OT1/cmr/m/n/10.95 2\O
MS/cmsy/m/n/10.95 g$\TU/NotoSansCJKSC(0)/m/it/10.95 ，$\OMS/cmsy/m/n/10.95 f\OT1
/cmr/m/n/10.95 4\OML/cmm/m/it/10.95 ; \OT1/cmr/m/n/10.95 2\OML/cmm/m/it/10.95 ;
 \OT1/cmr/m/n/10.95 2\OML/cmm/m/it/10.95 ; \OT1/cmr/m/n/10.95 2\OMS/cmsy/m/n/10
.95 g$\TU/NotoSansCJKSC(0)/m/it/10.95 ，$\OMS/cmsy/m/n/10.95 f\OT1/cmr/m/n/10.95
 2[]\OMS/cmsy/m/n/10.95 g$\TU/NotoSansCJKSC(0)/m/it/10.95 ）
 []

[25]
Overfull \hbox (13.55153pt too wide) in paragraph at lines 1003--1005
\TU/NotoSansCJKSC(0)/m/it/10.95 性 与 分 母：$\OML/cmm/m/it/10.95 m[]\OT1/cmr/m/n/10
.95 (\OML/cmm/m/it/10.95 N\OT1/cmr/m/n/10.95 )\OML/cmm/m/it/10.95 N[] \OMS/cmsy
/m/n/10.95 2 \U/msb/m/n/10.95 Z$\TU/NotoSansCJKSC(0)/m/it/10.95 始 终 （推 论 [][]10
.7[][](i)）， 极 限 分 母 对每 个$\OML/cmm/m/it/10.95 b$\TU/NotoSansCJKSC(0)/m/it/10.95 
整 除$\OT1/cmr/m/n/10.95 (\OML/cmm/m/it/10.95 b[]\OT1/cmr/m/n/10.95 1)!$\TU/NotoS
ansCJKSC(0)/m/it/10.95 （推 论 [][]10.7[][](iii)），
 []


Overfull \hbox (94.34561pt too wide) in paragraph at lines 1003--1005
\TU/NotoSansCJKSC(0)/m/it/10.95 调 定 价： 精 确 Christoffel 序 列 满 足$\OML/cmm/m/it/10
.95 n^^U[]\OT1/cmr/m/n/10.95 (0)$\TU/NotoSansCJKSC(0)/m/it/10.95 对$\OML/cmm/m/i
t/10.95 n \OMS/cmsy/m/n/10.95 ^^T \OT1/cmr/m/n/10.95 7$\TU/NotoSansCJKSC(0)/m/i
t/10.95 严 格 递 增 （$\OT1/cmr/m/n/10.95 0\OML/cmm/m/it/10.95 :\OT1/cmr/m/n/10.95 2
500\OML/cmm/m/it/10.95 ; \OT1/cmr/m/n/10.95 0\OML/cmm/m/it/10.95 :\OT1/cmr/m/n/
10.95 2778\OML/cmm/m/it/10.95 ; \OT1/cmr/m/n/10.95 0\OML/cmm/m/it/10.95 :\OT1/c
mr/m/n/10.95 2942\OML/cmm/m/it/10.95 ; \OT1/cmr/m/n/10.95 0\OML/cmm/m/it/10.95 
:\OT1/cmr/m/n/10.95 3012\OML/cmm/m/it/10.95 ; \OT1/cmr/m/n/10.95 0\OML/cmm/m/it
/10.95 :\OT1/cmr/m/n/10.95 3070\OML/cmm/m/it/10.95 ; \OT1/cmr/m/n/10.95 0\OML/c
mm/m/it/10.95 :\OT1/cmr/m/n/10.95 3108\OML/cmm/m/it/10.95 ; \OT1/cmr/m/n/10.95 
0\OML/cmm/m/it/10.95 :\OT1/cmr/m/n/10.95 3134$\TU/NotoSansCJKSC(0)/m/it/10.95 ）
，
 []

[26]
Overfull \hbox (10.3147pt too wide) in paragraph at lines 1015--1016
[][]\TU/NotoSansCJKSC(0)/b/n/10.95 引理 10.2 \TU/NotoSansCJKSC(0)/m/it/10.95 (平移提
升：每个循环项是一个格点多面体)\TU/NotoSansCJKSC(0)/b/n/10.95 . []\TU/NotoSansCJKSC(0)/m/it/10
.95 固 定 集 合 划 分$\OML/cmm/m/it/10.95 P \OT1/cmr/m/n/10.95 = \OMS/cmsy/m/n/10.95 
f\OML/cmm/m/it/10.95 B\OMS/cmsy/m/n/10.95 g$\TU/NotoSansCJKSC(0)/m/it/10.95 的$\
OML/cmm/m/it/10.95 b$\TU/NotoSansCJKSC(0)/m/it/10.95 循 环 边， 共$\OML/cmm/m/it/10.
95 r$\TU/NotoSansCJKSC(0)/m/it/10.95 块，
 []


Overfull \hbox (0.92776pt too wide) in paragraph at lines 1015--1016
\TU/NotoSansCJKSC(0)/m/it/10.95 每 块 有 循 环 顺 序$\OML/cmm/m/it/10.95 ^^[[]$\TU/Not
oSansCJKSC(0)/m/it/10.95 。 写$\OML/cmm/m/it/10.95 k[] \OT1/cmr/m/n/10.95 = \OML/
cmm/m/it/10.95 m[] \OMS/cmsy/m/n/10.95 ^^@ \OML/cmm/m/it/10.95 m[]$\TU/NotoSans
CJKSC(0)/m/it/10.95 ， 对$\OML/cmm/m/it/10.95 S \OMS/cmsy/m/n/10.95 ^^R f\OT1/cmr
/m/n/10.95 0\OML/cmm/m/it/10.95 ; [] ; b \OMS/cmsy/m/n/10.95 ^^@ \OT1/cmr/m/n/1
0.95 1\OMS/cmsy/m/n/10.95 g$\TU/NotoSansCJKSC(0)/m/it/10.95 ，$\OML/cmm/m/it/10.
95 @S \OT1/cmr/m/n/10.95 = [][](\OML/cmm/m/it/10.95 e[] \OMS/cmsy/m/n/10.95 ^^@
 \OML/cmm/m/it/10.95 e[]\OT1/cmr/m/n/10.95 )$\TU/NotoSansCJKSC(0)/m/it/10.95 ，
 []


Overfull \hbox (7.95836pt too wide) in paragraph at lines 1031--1032
[][]\TU/NotoSansCJKSC(0)/b/n/10.95 引理 10.3 \TU/NotoSansCJKSC(0)/m/it/10.95 (提升壁
系统的全幺模性)\TU/NotoSansCJKSC(0)/b/n/10.95 . []\TU/NotoSansCJKSC(0)/m/it/10.95 对 每 
个$\OT1/cmr/m/n/10.95 (\OML/cmm/m/it/10.95 P; []\OT1/cmr/m/n/10.95 )$\TU/NotoSan
sCJKSC(0)/m/it/10.95 ， 引 理 [][]10.2[][]的 约 束 矩 阵 ——行$\OML/cmm/m/it/10.95 e[]$\T
U/NotoSansCJKSC(0)/m/it/10.95 ，$\OML/cmm/m/it/10.95 @B$\TU/NotoSansCJKSC(0)/m/i
t/10.95 ， 以 及$\OML/cmm/m/it/10.95 e[] \OT1/cmr/m/n/10.95 +
 []


Overfull \hbox (4.35248pt too wide) in paragraph at lines 1035--1036
[]\TU/NotoSansCJKSC(0)/m/it/10.95 由 Ghouila–Houri 行 准 则， 只 需 对 任 意 行 子 集$\OML/c
mm/m/it/10.95 R$\TU/NotoSansCJKSC(0)/m/it/10.95 赋
 []

[27]
Overfull \hbox (25.90738pt too wide) in paragraph at lines 1060--1063
[][]\TU/NotoSansCJKSC(0)/b/n/10.95 推论 10.7 \TU/NotoSansCJKSC(0)/m/it/10.95 (整数性
、次数律、分母)\TU/NotoSansCJKSC(0)/b/n/10.95 . []\TU/NotoSansCJKSC(0)/m/it/10.95 对 每 
个$\OML/cmm/m/it/10.95 b \OMS/cmsy/m/n/10.95 ^^U \OT1/cmr/m/n/10.95 1$\TU/NotoSa
nsCJKSC(0)/m/it/10.95 与$\OML/cmm/m/it/10.95 N \OMS/cmsy/m/n/10.95 ^^U \OT1/cmr/
m/n/10.95 1$\TU/NotoSansCJKSC(0)/m/it/10.95 ： (i) $\OML/cmm/m/it/10.95 m[]\OT1/
cmr/m/n/10.95 (\OML/cmm/m/it/10.95 N\OT1/cmr/m/n/10.95 ) \OML/cmm/m/it/10.95 N[
] \OMS/cmsy/m/n/10.95 2 \U/msb/m/n/10.95 Z$\TU/NotoSansCJKSC(0)/m/it/10.95 ； (i
i) $\OML/cmm/m/it/10.95 m[]\OT1/cmr/m/n/10.95 (\OML/cmm/m/it/10.95 N\OT1/cmr/m/
n/10.95 )$\TU/NotoSansCJKSC(0)/m/it/10.95 是$\OT1/cmr/m/n/10.95 1/\OML/cmm/m/it/
10.95 N[]$\TU/NotoSansCJKSC(0)/m/it/10.95 的
 []


Overfull \hbox (19.0242pt too wide) in paragraph at lines 1090--1093
\TU/NotoSansCJKSC(0)/m/it/10.95 且 中 间 梯 级 给 出$\OT1/cmr/m/n/10.95 1 \OMS/cmsy/m/
n/10.95 ^^@ \OT1/cmr/m/n/10.95 2\OML/cmm/m/it/10.95 ^^U[] \OT1/cmr/m/n/10.95 = 
0\OML/cmm/m/it/10.95 :\OT1/cmr/m/n/10.95 877197 []$\TU/NotoSansCJKSC(0)/m/it/10
.95 ，$\OT1/cmr/m/n/10.95 1 \OMS/cmsy/m/n/10.95 ^^@ \OML/cmm/m/it/10.95 ^^U[] \O
T1/cmr/m/n/10.95 = 0\OML/cmm/m/it/10.95 :\OT1/cmr/m/n/10.95 938598 []$\TU/NotoS
ansCJKSC(0)/m/it/10.95 （$\OML/cmm/m/it/10.95 k \OT1/cmr/m/n/10.95 = 10$\TU/Noto
SansCJKSC(0)/m/it/10.95 ） 和$\OT1/cmr/m/n/10.95 1 \OMS/cmsy/m/n/10.95 ^^@ \OT1/c
mr/m/n/10.95 2\OML/cmm/m/it/10.95 ^^U[] \OT1/cmr/m/n/10.95 = 0\OML/cmm/m/it/10.
95 :\OT1/cmr/m/n/10.95 896403 []$\TU/NotoSansCJKSC(0)/m/it/10.95 ，$\OT1/cmr/m/n
/10.95 1 \OMS/cmsy/m/n/10.95 ^^@
 []

[28]
Overfull \hbox (23.77295pt too wide) in paragraph at lines 1112--1113
[][]\TU/NotoSansCJKSC(0)/b/n/10.95 引理 11.1 \TU/NotoSansCJKSC(0)/m/it/10.95 (消耗步
骤是Christoffel函数)\TU/NotoSansCJKSC(0)/b/n/10.95 . []\TU/NotoSansCJKSC(0)/m/it/10
.95 设$\OML/cmm/m/it/10.95 ^^W$\TU/NotoSansCJKSC(0)/m/it/10.95 是$\OT1/cmr/m/n/10
.95 [0\OML/cmm/m/it/10.95 ; \OMS/cmsy/m/n/10.95 1\OT1/cmr/m/n/10.95 )$\TU/NotoS
ansCJKSC(0)/m/it/10.95 上 的 概 率 测 度， Hankel 矩 阵$\OT1/cmr/m/n/10.95 (\OML/cmm/m/i
t/10.95 H[]\OT1/cmr/m/n/10.95 )[] = \OML/cmm/m/it/10.95 m[]$\TU/NotoSansCJKSC(0
)/m/it/10.95 ，$\OT1/cmr/m/n/10.95 0 \OMS/cmsy/m/n/10.95 ^^T
 []

[29]
Overfull \hbox (1.83205pt too wide) in paragraph at lines 1161--1162
[][]\TU/NotoSansCJKSC(0)/b/n/10.95 引理 11.6 \TU/NotoSansCJKSC(0)/m/it/10.95 (精确对
偶证书，度八)\TU/NotoSansCJKSC(0)/b/n/10.95 . []\TU/NotoSansCJKSC(0)/m/it/10.95 在$\OT
1/cmr/m/n/10.95 (\OML/cmm/m/it/10.95 m[]; [] ; m[]\OT1/cmr/m/n/10.95 )$\TU/Noto
SansCJKSC(0)/m/it/10.95 如 上 固 定 且$\OT1/cmr/m/n/10.95 (\OML/cmm/m/it/10.95 M[]; 
M[]\OT1/cmr/m/n/10.95 ) = ([]\OML/cmm/m/it/10.95 ; []\OT1/cmr/m/n/10.95 )$\TU/N
otoSansCJKSC(0)/m/it/10.95 下， 度$\OT1/cmr/m/n/10.95 4$\TU/NotoSansCJKSC(0)/m/it/
10.95 核
 []


Overfull \hbox (29.41792pt too wide) detected at line 1168
\OML/cmm/m/it/10.95 ^^W\OT1/cmr/m/n/10.95 (\OMS/cmsy/m/n/10.95 f\OT1/cmr/m/n/10
.95 0\OMS/cmsy/m/n/10.95 g\OT1/cmr/m/n/10.95 )  \OMS/cmsy/m/n/10.95 ^^T  \OML/c
mm/m/it/10.95 ^^U[]\OT1/cmr/m/n/10.95 (0)  =  []\OML/cmm/m/it/10.95 ;  \OT1/cmr
/m/n/10.95 1 \OMS/cmsy/m/n/10.95 ^^@ \OT1/cmr/m/n/10.95 2\OML/cmm/m/it/10.95 ^^
U[]  \OT1/cmr/m/n/10.95 =  []  =  0\OML/cmm/m/it/10.95 :\OT1/cmr/m/n/10.95 8493
77 [] \OML/cmm/m/it/10.95 ;  \OT1/cmr/m/n/10.95 1 \OMS/cmsy/m/n/10.95 ^^@ \OML/
cmm/m/it/10.95 ^^U[]  \OT1/cmr/m/n/10.95 =  []\OML/cmm/m/it/10.95 :
 []


Overfull \hbox (29.35272pt too wide) in paragraph at lines 1168--1170
\TU/NotoSansCJKSC(0)/m/it/10.95 该 角 点 在 矩 锥 内 部 （在 固 定$\OML/cmm/m/it/10.95 m[];
 [] ; m[]$\TU/NotoSansCJKSC(0)/m/it/10.95 下 顶 点$\OML/cmm/m/it/10.95 m[] \OT1/cm
r/m/n/10.95 = 19\OML/cmm/m/it/10.95 :\OT1/cmr/m/n/10.95 0712 []$\TU/NotoSansCJK
SC(0)/m/it/10.95 ，$\OML/cmm/m/it/10.95 m[] \OT1/cmr/m/n/10.95 = 36\OML/cmm/m/it
/10.95 :\OT1/cmr/m/n/10.95 7621 []$\TU/NotoSansCJKSC(0)/m/it/10.95 ）， 且 在$\OT1/
cmr/m/n/10.95 (\OML/cmm/m/it/10.95 M[]; M[]\OT1/cmr/m/n/10.95 )$\TU/NotoSansCJK
SC(0)/m/it/10.95 处
 []


Overfull \hbox (16.33482pt too wide) in paragraph at lines 1168--1170
\TU/NotoSansCJKSC(0)/m/it/10.95 连 续： 在 分 类 账 变 量 中， 标 题 仅 需 要$\OT1/cmr/m/n/10.9
5 ^^F[] \OMS/cmsy/m/n/10.95 ^^U \OT1/cmr/m/n/10.95 0\OML/cmm/m/it/10.95 :\OT1/c
mr/m/n/10.95 074844$\TU/NotoSansCJKSC(0)/m/it/10.95 （在$\OT1/cmr/m/n/10.95 ^^F[]
 = []$\TU/NotoSansCJKSC(0)/m/it/10.95 处 余 量$\OT1/cmr/m/n/10.95 3\OML/cmm/m/it/1
0.95 :\OT1/cmr/m/n/10.95 8[]$\TU/NotoSansCJKSC(0)/m/it/10.95 ） 和$\OT1/cmr/m/n/1
0.95 ^^F[] \OMS/cmsy/m/n/10.95 ^^T \OT1/cmr/m/n/10.95 0\OML/cmm/m/it/10.95 :\OT
1/cmr/m/n/10.95 290506$\TU/NotoSansCJKSC(0)/m/it/10.95 （在
 []


Overfull \hbox (44.96147pt too wide) in paragraph at lines 1184--1185
[][]\TU/NotoSansCJKSC(0)/m/it/10.95 注记 11.8 (修复的中间梯级；注册D6). []本 研 究 早 期 阶 段 引 用
 了 四、 五 矩 链 的 中 间 梯 级 （$\OT1/cmr/m/n/10.95 0\OML/cmm/m/it/10.95 :\OT1/cmr/m/n/1
0.95 7295/0\OML/cmm/m/it/10.95 :\OT1/cmr/m/n/10.95 8647$\TU/NotoSansCJKSC(0)/m/
it/10.95 ），
 []

[30] [31]
Overfull \hbox (4.05385pt too wide) in paragraph at lines 1245--1246
[][]\TU/NotoSansCJKSC(0)/b/n/10.95 命题 12.4 \TU/NotoSansCJKSC(0)/m/it/10.95 (决定性
与弱收敛)\TU/NotoSansCJKSC(0)/b/n/10.95 . []\TU/NotoSansCJKSC(0)/m/it/10.95 序 列$\OT
1/cmr/m/n/10.95 (\OML/cmm/m/it/10.95 m[]\OT1/cmr/m/n/10.95 )[]$\TU/NotoSansCJKS
C(0)/m/it/10.95 是$\OT1/cmr/m/n/10.95 [0\OML/cmm/m/it/10.95 ; \OMS/cmsy/m/n/10.9
5 1\OT1/cmr/m/n/10.95 )$\TU/NotoSansCJKSC(0)/m/it/10.95 上 唯 一 概 率 测 度$\OML/cmm/
m/it/10.95 ^^W$\TU/NotoSansCJKSC(0)/m/it/10.95 的 矩 序 列 （Stieltjes 确 定），
 []


Overfull \hbox (6.81798pt too wide) in paragraph at lines 1259--1260
[]\TU/NotoSansCJKSC(0)/m/it/10.95 §[][]8.6[][](vi) 的 有 限$\OML/cmm/m/it/10.95 N$
\TU/NotoSansCJKSC(0)/m/it/10.95 对 数 律 精 确：$[] [] \OML/cmm/m/it/10.95 x d^^W[] \
OT1/cmr/m/n/10.95 = \OML/cmm/m/it/10.95 H[] \OMS/cmsy/m/n/10.95 ^^@ \OT1/cmr/m/
n/10.95 1 \OMS/cmsy/m/n/10.95 ^^@ [] \OML/cmm/m/it/10.95 N$\TU/NotoSansCJKSC(0)
/m/it/10.95 。 由 于$[][] \OML/cmm/m/it/10.95 x \OMS/cmsy/m/n/10.95 ^^T \OML/cmm/m
/it/10.95 x$\TU/NotoSansCJKSC(0)/m/it/10.95 且$\OML/cmm/m/it/10.95 m[]\OT1/cmr/m
/n/10.95 (\OML/cmm/m/it/10.95 N\OT1/cmr/m/n/10.95 ) =
 []

[32]
Overfull \hbox (49.58124pt too wide) in paragraph at lines 1314--1315
\TU/NotoSansCJKSC(0)/m/it/10.95 六 重$\OT1/cmr/m/n/10.95 0\OML/cmm/m/it/10.95 :\O
T1/cmr/m/n/10.95 01$\TU/NotoSansCJKSC(0)/m/it/10.95 –$\OT1/cmr/m/n/10.95 0\OML/
cmm/m/it/10.95 :\OT1/cmr/m/n/10.95 73[]$\TU/NotoSansCJKSC(0)/m/it/10.95 ， LP 在 
退 役 端 点 常 数 下 为$\OT1/cmr/m/n/10.95 0\OML/cmm/m/it/10.95 :\OT1/cmr/m/n/10.95 794
54/0\OML/cmm/m/it/10.95 :\OT1/cmr/m/n/10.95 89727$\TU/NotoSansCJKSC(0)/m/it/10.
95 两 网 格； 修 正 常 数 重 跑 给 出$\OT1/cmr/m/n/10.95 0\OML/cmm/m/it/10.95 :\OT1/cmr/m/n
/10.95 79472/0\OML/cmm/m/it/10.95 :\OT1/cmr/m/n/10.95 89736$\TU/NotoSansCJKSC(0
)/m/it/10.95 ）；
 []


Overfull \hbox (14.82126pt too wide) in paragraph at lines 1314--1315
\TU/NotoSansCJKSC(0)/m/it/10.95 四 矩 恒 等 式 套 件 在$\OML/cmm/m/it/10.95 T \OT1/cmr/
m/n/10.95 = 9600$\TU/NotoSansCJKSC(0)/m/it/10.95 （全 部 通 过，$\OT1/cmr/m/n/10.95 4
8$\TU/NotoSansCJKSC(0)/m/it/10.95 s）； §[][]4[][]的 常 数 套 件 （\TU/lmtt/m/n/10.95 m
1_suite.py validate\TU/NotoSansCJKSC(0)/m/it/10.95 ：$\OT1/cmr/m/n/10.95 6/6$\TU
/NotoSansCJKSC(0)/m/it/10.95 局
 []


Overfull \hbox (38.94518pt too wide) in paragraph at lines 1314--1315
\TU/NotoSansCJKSC(0)/m/it/10.95 部 因 子，$\OT1/cmr/m/n/10.95 100/100$\TU/NotoSansC
JKSC(0)/m/it/10.95 向 量 筛， 锚 点 和 跨 约 定 差 重 现； 核 心$\OMS/cmsy/m/n/10.95 ^^@\OT1/cm
r/m/n/10.95 0\OML/cmm/m/it/10.95 :\OT1/cmr/m/n/10.95 00545$\TU/NotoSansCJKSC(0)
/m/it/10.95 相 对 存 档$\OMS/cmsy/m/n/10.95 ^^@\OT1/cmr/m/n/10.95 0\OML/cmm/m/it/10
.95 :\OT1/cmr/m/n/10.95 00544$\TU/NotoSansCJKSC(0)/m/it/10.95 ；$\OML/cmm/m/it/1
0.95 ^^K$\TU/NotoSansCJKSC(0)/m/it/10.95 截 断$\OMS/cmsy/m/n/10.95 ^^@\OT1/cmr/m/
n/10.95 0\OML/cmm/m/it/10.95 :\OT1/cmr/m/n/10.95 00491$\TU/NotoSansCJKSC(0)/m/i
t/10.95 ）；
 []


Overfull \hbox (107.33664pt too wide) in paragraph at lines 1314--1315
\TU/NotoSansCJKSC(0)/m/it/10.95 件 （\TU/lmtt/m/n/10.95 certificate_verification.
py\TU/NotoSansCJKSC(0)/m/it/10.95 精 确；\TU/lmtt/m/n/10.95 moment_lp_reopt $\OT1/
cmr/m/n/10.95 0\OML/cmm/m/it/10.95 :\OT1/cmr/m/n/10.95 0721$\TU/NotoSansCJKSC(0
)/m/it/10.95 ；\TU/lmtt/m/n/10.95 mu3_ledger_gates\TU/NotoSansCJKSC(0)/m/it/10.9
5 ；\TU/lmtt/m/n/10.95 cumulant_engine\TU/NotoSansCJKSC(0)/m/it/10.95 门$\OML/cmm
/m/it/10.95 C[]$\TU/NotoSansCJKSC(0)/m/it/10.95 精
 []

[33]
Overfull \hbox (57.84232pt too wide) in paragraph at lines 1320--1321
\OT1/cmr/m/n/10.95 0\OML/cmm/m/it/10.95 :\OT1/cmr/m/n/10.95 0125$\TU/NotoSansCJ
KSC(0)/m/it/10.95 （$\OT1/cmr/m/n/10.95 320[]$\TU/NotoSansCJKSC(0)/m/it/10.95 ），
$\OMS/cmsy/m/n/10.95 f\OT1/cmr/m/n/10.95 4\OML/cmm/m/it/10.95 ; \OT1/cmr/m/n/10
.95 2\OMS/cmsy/m/n/10.95 g$\TU/NotoSansCJKSC(0)/m/it/10.95 旁 观 者 对 变 体 到$\OML/c
mm/m/it/10.95 dv \OT1/cmr/m/n/10.95 = 0\OML/cmm/m/it/10.95 :\OT1/cmr/m/n/10.95 
0015625$\TU/NotoSansCJKSC(0)/m/it/10.95 （$\OT1/cmr/m/n/10.95 2560[]$\TU/NotoSan
sCJKSC(0)/m/it/10.95 ； 总 墙 时$\OT1/cmr/m/n/10.95 234$\TU/NotoSansCJKSC(0)/m/it/1
0.95 s），$\OML/cmm/m/it/10.95 C[]$\TU/NotoSansCJKSC(0)/m/it/10.95 到$\OML/cmm/m/i
t/10.95 dv \OT1/cmr/m/n/10.95 = 0\OML/cmm/m/it/10.95 :\OT1/cmr/m/n/10.95 025$\T
U/NotoSansCJKSC(0)/m/it/10.95 （$\OT1/cmr/m/n/10.95 160[]$\TU/NotoSansCJKSC(0)/m
/it/10.95 ）。
 []

[34]
Overfull \hbox (21.24832pt too wide) in paragraph at lines 1342--1343
\TU/NotoSansCJKSC(0)/m/it/10.95 包 （命 题 [][]6.1[][]）； Parseval 和 乘 积 恒 等 式； Bell
 分 类 账 和 冻 结 槽 恒 等 式； 无 锚$\OT1/cmr/m/n/10.95 67/12$\TU/NotoSansCJKSC(0)/m/it/10
.95 和$\OT1/cmr/m/n/10.95 39/4$\TU/NotoSansCJKSC(0)/m/it/10.95 ；$\OT1/cmr/m/n/10
.95 197/60$\TU/NotoSansCJKSC(0)/m/it/10.95 分
 []

[35]
Overfull \hbox (29.35466pt too wide) in paragraph at lines 1353--1355
[]\TU/NotoSansCJKSC(0)/m/it/10.95 (f) 形 式 化 状 态。 恒 等 式 层 现 已编 译 并 核 检 查： 核 心 Le
an 4 （工 具 链\TU/lmtt/m/n/10.95 leanprover/ lean4:v4.33.0\TU/NotoSansCJKSC(0)/m/i
t/10.95 ，
 []


Overfull \hbox (17.06528pt too wide) in paragraph at lines 1353--1355
\TU/NotoSansCJKSC(0)/m/it/10.95 与\TU/lmtt/m/n/10.95 lean/\TU/NotoSansCJKSC(0)/m
/it/10.95 （lake 库 名 \TU/lmtt/m/n/10.95 RhGateK14\TU/NotoSansCJKSC(0)/m/it/10.95
 ：\TU/lmtt/m/n/10.95 Certificate84\TU/NotoSansCJKSC(0)/m/it/10.95 、\TU/lmtt/m/n
/10.95 CertificateK1012\TU/NotoSansCJKSC(0)/m/it/10.95 、\TU/lmtt/m/n/10.95 Cert
ificateK14\TU/NotoSansCJKSC(0)/m/it/10.95 ， 随本包
 []


Overfull \hbox (11.75604pt too wide) in paragraph at lines 1353--1355
\TU/NotoSansCJKSC(0)/m/it/10.95 发 布 ——在 两 台 独 立 机 器 上 编 译 $\OT1/cmr/m/n/10.95 3
/3$\TU/NotoSansCJKSC(0)/m/it/10.95 ， 公 理 审 计 （仅 \TU/lmtt/m/n/10.95 propext\TU/N
otoSansCJKSC(0)/m/it/10.95 、\TU/lmtt/m/n/10.95 Classical.choice\TU/NotoSansCJKS
C(0)/m/it/10.95 、\TU/lmtt/m/n/10.95 Quot.sound\TU/NotoSansCJKSC(0)/m/it/10.95 ，

 []


Overfull \hbox (92.19106pt too wide) in paragraph at lines 1353--1355
\TU/NotoSansCJKSC(0)/m/it/10.95 但 核 心 Lean 中 均 不 可 用 （\TU/lmtt/m/n/10.95 ring\T
U/NotoSansCJKSC(0)/m/it/10.95 是\TU/lmtt/m/n/10.95 mathlib\TU/NotoSansCJKSC(0)/m
/it/10.95 策 略； 核 心\TU/lmtt/m/n/10.95 Rat\TU/NotoSansCJKSC(0)/m/it/10.95 算 术 不 是
 核 归 约 的， 因 此\TU/lmtt/m/n/10.95 decide\TU/NotoSansCJKSC(0)/m/it/10.95 在\TU/lmtt
/m/n/10.95 instDecidableEqRat\TU/NotoSansCJKSC(0)/m/it/10.95 上
 []


Overfull \hbox (11.45963pt too wide) in paragraph at lines 1353--1355
\TU/NotoSansCJKSC(0)/m/it/10.95 子， 无 法 关 闭 完 全 平 方 非 负 性； 修 复 是核 心有 序 环 引 理\TU/
lmtt/m/n/10.95 Lean.Grind.OrderedRing.sq_nonneg\TU/NotoSansCJKSC(0)/m/it/10.95 
（项
 []


Overfull \hbox (4.86337pt too wide) in paragraph at lines 1353--1355
\TU/NotoSansCJKSC(0)/m/it/10.95 到\TU/lmtt/m/n/10.95 Certificate.lean\TU/NotoSan
sCJKSC(0)/m/it/10.95 中， 草 稿 保 存 在 程 序 存 档 中。 每 个 陈 述 在 精 确 有 理 算 术 （\TU/lmtt/m/
n/10.95 certify_lp.py\TU/NotoSansCJKSC(0)/m/it/10.95 ）
 []

[36]
Overfull \hbox (1.6676pt too wide) detected at line 1371
\OMS/cmsy/m/n/10.95 f\OT1/cmr/m/n/10.95 2[]\OMS/cmsy/m/n/10.95 g \OT1/cmr/m/n/1
0.95 = []\OML/cmm/m/it/10.95 ;  \OMS/cmsy/m/n/10.95 f\OT1/cmr/m/n/10.95 4\OML/c
mm/m/it/10.95 ; \OT1/cmr/m/n/10.95 2\OML/cmm/m/it/10.95 ; \OT1/cmr/m/n/10.95 2\
OML/cmm/m/it/10.95 ; \OT1/cmr/m/n/10.95 2\OMS/cmsy/m/n/10.95 g \OT1/cmr/m/n/10.
95 = \OMS/cmsy/m/n/10.95 ^^@[]\OML/cmm/m/it/10.95 ;  \OMS/cmsy/m/n/10.95 f\OT1/
cmr/m/n/10.95 2\OML/cmm/m/it/10.95 ; \OT1/cmr/m/n/10.95 2\OML/cmm/m/it/10.95 ; 
\OT1/cmr/m/n/10.95 5\OMS/cmsy/m/n/10.95 g \OT1/cmr/m/n/10.95 = []\OML/cmm/m/it/
10.95 ;  \OMS/cmsy/m/n/10.95 f\OT1/cmr/m/n/10.95 5\OML/cmm/m/it/10.95 ; \OT1/cm
r/m/n/10.95 4\OMS/cmsy/m/n/10.95 g \OT1/cmr/m/n/10.95 = \OMS/cmsy/m/n/10.95 ^^@
[]\OML/cmm/m/it/10.95 ;  \OMS/cmsy/m/n/10.95 f\OT1/cmr/m/n/10.95 6\OML/cmm/m/it
/10.95 ; \OT1/cmr/m/n/10.95 2\OML/cmm/m/it/10.95 ; \OT1/cmr/m/n/10.95 2\OMS/cms
y/m/n/10.95 g \OT1/cmr/m/n/10.95 = \OMS/cmsy/m/n/10.95 ^^@[]\OML/cmm/m/it/10.95
 ;
 []

[37]
Overfull \hbox (22.1129pt too wide) in paragraph at lines 1393--1394
[]\TU/NotoSansCJKSC(0)/m/it/10.95 (e) 结 构 问 题。程 序 认 证 或 识 别 的 每 个 常 数 ——$[]$，$[
]$，$[]$，$\OMS/cmsy/m/n/10.95 ^^@[]$\TU/NotoSansCJKSC(0)/m/it/10.95 ，$[]$，$[]$，$
\OMS/cmsy/m/n/10.95 ^^@[]$\TU/NotoSansCJKSC(0)/m/it/10.95 ，$\OMS/cmsy/m/n/10.95
 ^^@[]$\TU/NotoSansCJKSC(0)/m/it/10.95 ，$\OMS/cmsy/m/n/10.95 ^^@[]$\TU/NotoSans
CJKSC(0)/m/it/10.95 —
 []


Overfull \hbox (69.12976pt too wide) in paragraph at lines 1405--1406
\TU/NotoSansCJKSC(0)/m/it/10.95 在$\OML/cmm/m/it/10.95 ^^\$\TU/NotoSansCJKSC(0)/
m/it/10.95 框 架 中，$\OML/cmm/m/it/10.95 ^^Z\OT1/cmr/m/n/10.95 (\OML/cmm/m/it/10.9
5 ^^\\OT1/cmr/m/n/10.95 )$\TU/NotoSansCJKSC(0)/m/it/10.95 的 模 型 由 孪 生 奇 异 级 数 组
 装：$\U/euf/m/n/10.95 S$\TU/NotoSansCJKSC(0)/m/it/10.95 为 Hardy–Littlewood 级 数$\
U/euf/m/n/10.95 S\OT1/cmr/m/n/10.95 (\OML/cmm/m/it/10.95 h\OT1/cmr/m/n/10.95 ) 
= 2\OML/cmm/m/it/10.95 C[] [][] []$\TU/NotoSansCJKSC(0)/m/it/10.95 （$\OML/cmm/m
/it/10.95 h$\TU/NotoSansCJKSC(0)/m/it/10.95 偶），
 []

[38]
Overfull \hbox (31.05125pt too wide) in paragraph at lines 1432--1433
[]\TU/NotoSansCJKSC(0)/m/it/10.95 消 耗 LP 带 模 型： 相 关 vs 反 相 关$\OML/cmm/m/it/10.9
5 ^^N$\TU/NotoSansCJKSC(0)/m/it/10.95 记 账 （$\OT1/cmr/m/n/10.95 0\OML/cmm/m/it/1
0.95 :\OT1/cmr/m/n/10.95 79454$ \TU/NotoSansCJKSC(0)/m/it/10.95 vs $\OT1/cmr/m/
n/10.95 0\OML/cmm/m/it/10.95 :\OT1/cmr/m/n/10.95 78972$\TU/NotoSansCJKSC(0)/m/i
t/10.95 ）； 相 关 形 式 正 确 且 是\TU/lmtt/m/n/10.95 face_lp_full\TU/NotoSansCJKSC(0)/m
/it/10.95 实
 []

[39]
Overfull \hbox (24.12456pt too wide) in paragraph at lines 1433--1434
[]$\OML/cmm/m/it/10.95 m[]$\TU/NotoSansCJKSC(0)/m/it/10.95 +$\OML/cmm/m/it/10.9
5 m[]$\TU/NotoSansCJKSC(0)/m/it/10.95 梯 级： 早 期 阶 段 引 用$\OT1/cmr/m/n/10.95 0\OML
/cmm/m/it/10.95 :\OT1/cmr/m/n/10.95 7295/0\OML/cmm/m/it/10.95 :\OT1/cmr/m/n/10.
95 8647$\TU/NotoSansCJKSC(0)/m/it/10.95 ； 审 计 独 立 LP 在 相 同 约 束 下 给 出$\OT1/cmr/m
/n/10.95 0\OML/cmm/m/it/10.95 :\OT1/cmr/m/n/10.95 73144/0\OML/cmm/m/it/10.95 :\
OT1/cmr/m/n/10.95 86572$\TU/NotoSansCJKSC(0)/m/it/10.95 （有
 []


Overfull \hbox (5.58607pt too wide) in paragraph at lines 1440--1441
\TU/NotoSansCJKSC(0)/m/it/10.95 归 约）。 五 个 证 明 用\TU/lmtt/m/n/10.95 grind\TU/Noto
SansCJKSC(0)/m/it/10.95 修 复， 陈 述 不 变； 构 建 成 功 （注 册 表 第$\OT1/cmr/m/n/10.95 33$\T
U/NotoSansCJKSC(0)/m/it/10.95 次 转 换； §[][]14[][](f)）。影
 []

[40]
Overfull \hbox (0.16466pt too wide) in paragraph at lines 1448--1449
\TU/NotoSansCJKSC(0)/m/it/10.95 交 叉 类 从 未 单 独 求 值， 等 于$[] \OMS/cmsy/m/n/10.95 6
\OT1/cmr/m/n/10.95 = []$\TU/NotoSansCJKSC(0)/m/it/10.95 （三 条 独 立 精 确 路 径）。 修 正 
束$\OMS/cmsy/m/n/10.95 f\OT1/cmr/m/n/10.95 2\OML/cmm/m/it/10.95 ; \OT1/cmr/m/n/1
0.95 2\OML/cmm/m/it/10.95 ; \OT1/cmr/m/n/10.95 2\OMS/cmsy/m/n/10.95 g \OT1/cmr/
m/n/10.95 = []$\TU/NotoSansCJKSC(0)/m/it/10.95 ；$\OML/cmm/m/it/10.95 M[] \OT1/c
mr/m/n/10.95 =
 []

[41]
Overfull \hbox (18.38477pt too wide) in paragraph at lines 1452--1453
[]\TU/NotoSansCJKSC(0)/m/it/10.95 声 称 的$\OT1/cmr/m/n/10.95 ^^F[]$\TU/NotoSansCJ
KSC(0)/m/it/10.95 平 坦 窗 口 极 小 性 引 理 被 其 一 阶 探 针 在 进 入 任 何 草 稿 前 证 伪 （温 和 锥 形 降 
低$\OML/cmm/m/it/10.95 m[]$\TU/NotoSansCJKSC(0)/m/it/10.95 ）；$\OML/cmm/m/it/10.9
5 ^^U$\TU/NotoSansCJKSC(0)/m/it/10.95 最
 []


Overfull \hbox (6.7372pt too wide) in paragraph at lines 1453--1454
[]\TU/NotoSansCJKSC(0)/m/it/10.95 截 断 小 数 在 八 处 被 写 成 四 舍 五 入 （$\OT1/cmr/m/n/10
.95 1 \OMS/cmsy/m/n/10.95 ^^@ \OT1/cmr/m/n/10.95 2\OML/cmm/m/it/10.95 ^^U[] \OT
1/cmr/m/n/10.95 = 0\OML/cmm/m/it/10.95 :\OT1/cmr/m/n/10.95 910460410551 []$\TU/
NotoSansCJKSC(0)/m/it/10.95 排 印 为 “$\OT1/cmr/m/n/10.95 0\OML/cmm/m/it/10.95 :\O
T1/cmr/m/n/10.95 910460411 []$\TU/NotoSansCJKSC(0)/m/it/10.95 ”，
 []

[42]
Overfull \hbox (6.65112pt too wide) in paragraph at lines 1475--1476
\TU/NotoSansCJKSC(0)/m/it/10.95 余 类 并 触 发； 修 正 面 实 现 每 坐 标 CRT 类 （§[][]8.4[][]）
。 前 向 记 录 在\TU/lmtt/m/n/10.95 writeouts_verification.py\TU/NotoSansCJKSC(0)/m/i
t/10.95 中。
 []


Overfull \hbox (84.65364pt too wide) in paragraph at lines 1479--1482
[][][][][][] [] [][][] [] [][][][][][][][][] [] [][][][][][][][][][][][][][][][
][][][][][][][][][][][][][][][][]$[][]\TU/NotoSansCJKSC(0)/m/it/10.95 。 本 文 附 有
 统 一 复 现 检 查 表 （\TU/lmtt/m/n/10.95 REPRODUCTION.md\TU/NotoSansCJKSC(0)/m/it/10.
95 ）：
 []

[43]
Overfull \hbox (203.35352pt too wide) detected at line 1513
\OML/cmm/m/it/10.95 t[] \OT1/cmr/m/n/10.95 = []\OML/cmm/m/it/10.95 ;  t[] \OT1/
cmr/m/n/10.95 = []\OML/cmm/m/it/10.95 ;  T[] \OT1/cmr/m/n/10.95 = []\OML/cmm/m/
it/10.95 ;  T[] \OT1/cmr/m/n/10.95 = []\OML/cmm/m/it/10.95 ;  T[] \OT1/cmr/m/n/
10.95 = []\OML/cmm/m/it/10.95 ;  T[] \OT1/cmr/m/n/10.95 = []\OML/cmm/m/it/10.95
 ;  \OMS/cmsy/m/n/10.95 f\OT1/cmr/m/n/10.95 2\OML/cmm/m/it/10.95 ; \OT1/cmr/m/n
/10.95 2\OML/cmm/m/it/10.95 ; \OT1/cmr/m/n/10.95 2\OMS/cmsy/m/n/10.95 g \OT1/cm
r/m/n/10.95 = 2\OML/cmm/m/it/10.95 T[] \OT1/cmr/m/n/10.95 + 3\OML/cmm/m/it/10.9
5 T[] \OT1/cmr/m/n/10.95 + 6\OML/cmm/m/it/10.95 T[] \OT1/cmr/m/n/10.95 + 3\OML/
cmm/m/it/10.95 T[] \OT1/cmr/m/n/10.95 + \OML/cmm/m/it/10.95 T[] \OT1/cmr/m/n/10
.95 = []\OML/cmm/m/it/10.95 ;  T[] \OT1/cmr/m/n/10.95 = [] ([])\OML/cmm/m/it/10
.95 ;
 []


Overfull \hbox (13.92659pt too wide) in paragraph at lines 1513--1516
\TU/NotoSansCJKSC(0)/m/it/10.95 且$\OT1/cmr/m/n/10.95 ^^H[] = \OMS/cmsy/m/n/10.9
5 ^^@[]$\TU/NotoSansCJKSC(0)/m/it/10.95 ， 饱 和$\OMS/cmsy/m/n/10.95 f\OT1/cmr/m/n
/10.95 2\OML/cmm/m/it/10.95 ; \OT1/cmr/m/n/10.95 2\OMS/cmsy/m/n/10.95 g \OT1/cm
r/m/n/10.95 = []$\TU/NotoSansCJKSC(0)/m/it/10.95 ， 平 台$\OT1/cmr/m/n/10.95 = []$
\TU/NotoSansCJKSC(0)/m/it/10.95 ， 连 通 模 型$\OT1/cmr/m/n/10.95 = \OMS/cmsy/m/n/10
.95 ^^@[]$\TU/NotoSansCJKSC(0)/m/it/10.95 （注 记 [][]3.6[][]）。 代 码： \TU/lmtt/m/n/
10.95 certification/
 []


Overfull \hbox (18.95146pt too wide) in paragraph at lines 1534--1537
[]\TU/NotoSansCJKSC(0)/m/it/10.95 (i) 闭 式： 由 弧 恒 等 式 （命 题 [][]4.2[][]） 在$\OML/c
mm/m/it/10.95 b[] \OT1/cmr/m/n/10.95 = \OML/cmm/m/it/10.95 b[] \OT1/cmr/m/n/10.
95 = 1$\TU/NotoSansCJKSC(0)/m/it/10.95 处，$\OML/cmm/m/it/10.95 ^^L[] \OT1/cmr/m/
n/10.95 = \OML/cmm/m/it/10.95 ^^V\OT1/cmr/m/n/10.95 (\OML/cmm/m/it/10.95 q\OT1/
cmr/m/n/10.95 )[]/\OML/cmm/m/it/10.95 '\OT1/cmr/m/n/10.95 (\OML/cmm/m/it/10.95 
q\OT1/cmr/m/n/10.95 )[]$\TU/NotoSansCJKSC(0)/m/it/10.95 ， 且$\OML/cmm/m/it/10.95
 ^^M[] \OT1/cmr/m/n/10.95 = [][] \OML/cmm/m/it/10.95 ^^V\OT1/cmr/m/n/10.95 (\OM
L/cmm/m/it/10.95 e\OT1/cmr/m/n/10.95 )\OML/cmm/m/it/10.95 ^^L[]$\TU/NotoSansCJK
SC(0)/m/it/10.95 逐
 []


Overfull \hbox (65.5782pt too wide) in paragraph at lines 1543--1544
\TU/NotoSansCJKSC(0)/m/it/10.95 账： 单 个 未 知$\OML/cmm/m/it/10.95 C[]$\TU/NotoSans
CJKSC(0)/m/it/10.95 同 时 进 入$\OML/cmm/m/it/10.95 m[]$\TU/NotoSansCJKSC(0)/m/it/1
0.95 和$\OML/cmm/m/it/10.95 m[]$\TU/NotoSansCJKSC(0)/m/it/10.95 ； 最 坏 情 况 是 仿 射 
族 的 角 点）。 精 确 有 理 证 书 （\TU/lmtt/m/n/10.95 certificate_family.py\TU/NotoSansCJKS
C(0)/m/it/10.95 ，
 []

[44] [45]
Missing character: There is no ł (U+0142) in font Noto Sans CJK SC/OT:script=la
tn;language=dflt;mapping=tex-text;!
Missing character: There is no ł (U+0142) in font Noto Sans CJK SC/OT:script=la
tn;language=dflt;mapping=tex-text;!
[46] (./paper-zh.aux)

LaTeX Font Warning: Some font shapes were not available, defaults substituted.

Package rerunfilecheck Info: File `paper-zh.out' has not changed.
(rerunfilecheck)             Checksum: 8B89A647E4B929A0BDEAF2A074540660;5421.
 ) 
Here is how much of TeX's memory you used:
 13565 strings out of 478190
 261129 string characters out of 5854827
 656708 words of memory out of 5000000
 33952 multiletter control sequences out of 15000+600000
 484103 words of font info for 124 fonts, out of 8000000 for 9000
 14 hyphenation exceptions out of 8191
 74i,13n,77p,2390b,456s stack positions out of 5000i,500n,10000p,200000b,80000s

Output written on paper-zh.pdf (46 pages).
