backend gmpy2  {4,4,2} on the 10-cycle: 101 orbits, 1260 placements
  O0    size 16  37/2494800             +0.0000148308  628s
  O1    size 16  293/1995840            +0.0001468054  554s
  O2    size 16  13/155925              +0.0000833734  683s
  O3    size 16  211/9979200            +0.0000211440  695s
  O4    size 16  37/2494800             +0.0000148308  652s
  O5    size 16  1/1108800              +0.0000009019  1231s
  O6    size 16  23/4989600             +0.0000046096  1061s
  O7    size 16  29/9979200             +0.0000029060  1313s
  O8    size 16  1/4989600              +0.0000002004  1329s
  O9    size 16  23/4989600             +0.0000046096  1065s
  O10   size 16  1/623700               +0.0000016033  1210s
  O11   size 16  29/9979200             +0.0000029060  1452s
  O12   size 16  1/1108800              +0.0000009019  1405s
  O13   size 16  19/1995840             +0.0000095198  1231s
  O14   size 16  19/4989600             +0.0000038079  1092s
  O15   size 16  37/415800              +0.0000889851  1148s
  O16   size 16  1/95040                +0.0000105219  1654s
  O17   size 16  97/1108800             +0.0000874820  1785s
  O18   size 16  19/332640              +0.0000571188  2066s
  O19   size 16  1/95040                +0.0000105219  2295s
  O20   size 16  37/415800              +0.0000889851  1821s
