backend gmpy2  {4,4,2} on the 10-cycle: 101 orbits, 1260 placements
  resuming from /home/joshua/k8run/k8-0.84/phase3/ck_4_4_2.json: 22 orbits already done
  O0    size 16  37/2494800             +0.0000148308  287s
  O1    size 16  293/1995840            +0.0001468054  230s
  O24   size 16  1/623700               +0.0000016033  578s
  O25   size 16  61/1425600             +0.0000427890  921s
  O26   size 16  17/1247400             +0.0000136283  717s
  O27   size 16  1/95040                +0.0000105219  778s
  O28   size 16  1/95040                +0.0000105219  802s
  O29   size 16  1/95040                +0.0000105219  665s
  O30   size 16  97/1108800             +0.0000874820  535s
  O31   size 16  181/3326400            +0.0000544132  686s
  O32   size 16  1/907200               +0.0000011023  1045s
  O33   size 16  23/2494800             +0.0000092192  734s
  O34   size 16  17/4989600             +0.0000034071  1077s
  O35   size 16  1/907200               +0.0000011023  1165s
  O36   size 16  1/118800               +0.0000084175  733s
  O37   size 16  53/4989600             +0.0000106221  987s
  O38   size 16  53/4989600             +0.0000106221  919s
  O39   size 16  17/4989600             +0.0000034071  1295s
  O40   size 16  811/9979200            +0.0000812690  676s
  O41   size 16  107/9979200            +0.0000107223  1002s
  O42   size 16  13/4989600             +0.0000026054  1312s
  O43   size 16  19/475200              +0.0000399832  1561s
  O44   size 16  1/554400               +0.0000018038  1074s
Traceback (most recent call last):
  File "/home/joshua/k8run/k8-0.84/phase3/run_k10.py", line 52, in <module>
    t0 = time.time(); v = class_integral(rep, k, jobs=jobs)
  File "/home/joshua/k8run/k8-0.84/phase3/class_integral.py", line 185, in class_integral
    for s, v in zip((t[0] for t in terms),
  File "/usr/lib/python3.10/concurrent/futures/process.py", line 575, in _chain_from_iterable_of_lists
    for element in iterable:
  File "/usr/lib/python3.10/concurrent/futures/_base.py", line 621, in result_iterator
    yield _result_or_cancel(fs.pop())
  File "/usr/lib/python3.10/concurrent/futures/_base.py", line 319, in _result_or_cancel
    return fut.result(timeout)
  File "/usr/lib/python3.10/concurrent/futures/_base.py", line 458, in result
    return self.__get_result()
  File "/usr/lib/python3.10/concurrent/futures/_base.py", line 403, in __get_result
    raise self._exception
concurrent.futures.process.BrokenProcessPool: A process in the process pool was terminated abruptly while the future was running or pending.
backend gmpy2  {4,4,2} on the 10-cycle: 101 orbits, 1260 placements
  resuming from /home/joshua/k8run/k8-0.84/phase3/ck_4_4_2.json: 45 orbits already done
  O45   size 16  1/221760               +0.0000045094  1122s
  O46   size 16  1/25200                +0.0000396825  1064s
backend gmpy2  {4,4,2} on the 10-cycle: 101 orbits, 1260 placements
  resuming from /home/joshua/k8run/k8-0.84/phase3/ck_4_4_2.json: 47 orbits already done
  O47   size 16  181/3326400            +0.0000544132  1294s
  O48   size 16  29/2494800             +0.0000116242  1615s
  O49   size 16  29/2494800             +0.0000116242  1535s
  O50   size 16  1/118800               +0.0000084175  1109s
  O51   size 16  23/1995840             +0.0000115240  1512s
  O52   size 16  1/311850               +0.0000032067  1380s
  O53   size 16  29/1995840             +0.0000145302  1238s
  O54   size 16  1/99792                +0.0000100208  1433s
  O55   size 16  41/3326400             +0.0000123256  1117s
  O56   size 16  41/3326400             +0.0000123256  1190s
  O57   size 16  31/9979200             +0.0000031065  1513s
  O58   size 16  17/4989600             +0.0000034071  1439s
  O59   size 16  31/9979200             +0.0000031065  1721s
  O60   size 8   65/399168              +0.0001628387  290s
  O61   size 8   293/1995840            +0.0001468054  331s
  O62   size 8   13/133056              +0.0000977032  453s
  O63   size 8   19/4989600             +0.0000038079  611s
  O64   size 8   71/9979200             +0.0000071148  632s
  O65   size 8   71/9979200             +0.0000071148  732s
  O66   size 8   1/22176                +0.0000450938  965s
  O67   size 8   1/22176                +0.0000450938  830s
  O68   size 8   19/4989600             +0.0000038079  831s
  O69   size 8   1/103950               +0.0000096200  1009s
  O70   size 8   13/997920              +0.0000130271  1124s
  O71   size 8   1/103950               +0.0000096200  1234s
  O72   size 8   19/1663200             +0.0000114238  943s
  O73   size 8   1/118800               +0.0000084175  988s
  O74   size 8   17/4989600             +0.0000034071  1353s
  O75   size 8   811/9979200            +0.0000812690  1131s
  O76   size 8   97/2494800             +0.0000388809  1441s
  O77   size 8   23/1995840             +0.0000115240  1462s
  O78   size 8   107/9979200            +0.0000107223  1497s
  O79   size 8   17/2494800             +0.0000068142  1095s
  O80   size 8   13/311850              +0.0000416867  1361s
  O81   size 8   13/158400              +0.0000820707  1089s
  O82   size 8   479/9979200            +0.0000479998  1438s
  O83   size 8   241/2494800            +0.0000966009  846s
  O84   size 8   193/1995840            +0.0000967011  913s
  O85   size 8   43/712800              +0.0000603255  1090s
  O86   size 8   43/4989600             +0.0000086179  1363s
  O87   size 8   13/4989600             +0.0000026054  1589s
  O88   size 8   199/4989600            +0.0000398830  1500s
  O89   size 8   1/118800               +0.0000084175  1191s
  O90   size 8   1/554400               +0.0000018038  1552s
  O91   size 8   1/277200               +0.0000036075  1662s
  O92   size 8   1/237600               +0.0000042088  1780s
  O93   size 8   17/4989600             +0.0000034071  1850s
  O94   size 4   227/1995840            +0.0001137366  396s
  O95   size 4   7/129600               +0.0000540123  850s
  O96   size 4   479/9979200            +0.0000479998  1508s
  O97   size 4   281/4989600            +0.0000563171  1174s
  O98   size 4   71/1247400             +0.0000569184  1229s
  O99   size 4   31/3326400             +0.0000093194  1679s
  O100  size 4   17/453600              +0.0000374780  1861s

  {4,4,2} = 4051/124740 = 0.032475549142
