backend gmpy2  {6,2,2} on the 10-cycle: 46 orbits, 630 placements
  resuming from /home/joshua/k8run/k8-0.84/phase3/ck_6_2_2.json: 10 orbits already done
  O0    size 20  -19/30800              -0.0006168831  1165s
  O1    size 20  -131/498960            -0.0002625461  1357s
  O12   size 20  -83/226800             -0.0003659612  1779s
  O13   size 20  -299/997920            -0.0002996232  1851s
  O14   size 20  -61/151200             -0.0004034392  1977s
  O15   size 20  -3679/4989600          -0.0007373337  1506s
  O16   size 20  -2969/4989600          -0.0005950377  1144s
  O17   size 20  -107/311850            -0.0003431137  2070s
  O18   size 20  -19/56700              -0.0003350970  1872s
  O19   size 20  -1103/3326400          -0.0003315897  1683s
  O20   size 10  -659/1247400           -0.0005282989  769s
  O21   size 10  -2617/9979200          -0.0002622455  899s
  O22   size 10  -1277/1663200          -0.0007677970  790s
  O23   size 10  -209/453600            -0.0004607584  912s
  O24   size 10  -47/142560             -0.0003296857  1684s
backend gmpy2  {6,2,2} on the 10-cycle: 46 orbits, 630 placements
  resuming from /home/joshua/k8run/k8-0.84/phase3/ck_6_2_2.json: 25 orbits already done
  O25   size 10  -1907/4989600          -0.0003821950  1329s
  O26   size 10  -2839/9979200          -0.0002844917  1405s
  O27   size 10  -239/1108800           -0.0002155483  1512s
  O28   size 10  -449/2494800           -0.0001799743  1235s
  O29   size 10  -101/199584            -0.0005060526  738s
  O30   size 10  -1073/2494800          -0.0004300946  1524s
  O31   size 10  -149/831600            -0.0001791727  1511s
  O32   size 10  -1513/4989600          -0.0003032307  1230s
  O33   size 10  -1009/3326400          -0.0003033309  1268s
  O34   size 10  -3581/9979200          -0.0003588464  1563s
  O35   size 10  -397/997920            -0.0003978275  1529s
  O36   size 10  -137/623700            -0.0002196569  1021s
  O37   size 10  -3007/9979200          -0.0003013268  1704s
  O38   size 10  -391/9979200           -0.0000391815  1537s
  O39   size 10  -421/997920            -0.0004218775  1614s
  O40   size 5   -2423/4989600          -0.0004856101  725s
  O41   size 5   -127/415800            -0.0003054353  1532s
  O42   size 5   -1457/2494800          -0.0005840148  1532s
  O43   size 5   -53/178200             -0.0002974186  1275s
  O44   size 5   -23/110880             -0.0002074315  1616s
  O45   size 5   -149/1663200           -0.0000895863  1615s

  {6,2,2} = -120139/498960 = -0.240778819945
